Component: ARM Compiler 5.06 update 7 (build 960) Tool: armlink [4d3601]

==============================================================================

Section Cross References

    startup_stm32g474xx.o(STACK) refers (Special) to heapauxi.o(.text) for __use_two_region_memory
    startup_stm32g474xx.o(HEAP) refers (Special) to heapauxi.o(.text) for __use_two_region_memory
    startup_stm32g474xx.o(RESET) refers (Special) to heapauxi.o(.text) for __use_two_region_memory
    startup_stm32g474xx.o(RESET) refers to startup_stm32g474xx.o(STACK) for __initial_sp
    startup_stm32g474xx.o(RESET) refers to startup_stm32g474xx.o(.text) for Reset_Handler
    startup_stm32g474xx.o(RESET) refers to stm32g4xx_it.o(i.NMI_Handler) for NMI_Handler
    startup_stm32g474xx.o(RESET) refers to stm32g4xx_it.o(i.HardFault_Handler) for HardFault_Handler
    startup_stm32g474xx.o(RESET) refers to stm32g4xx_it.o(i.MemManage_Handler) for MemManage_Handler
    startup_stm32g474xx.o(RESET) refers to stm32g4xx_it.o(i.BusFault_Handler) for BusFault_Handler
    startup_stm32g474xx.o(RESET) refers to stm32g4xx_it.o(i.UsageFault_Handler) for UsageFault_Handler
    startup_stm32g474xx.o(RESET) refers to stm32g4xx_it.o(i.SVC_Handler) for SVC_Handler
    startup_stm32g474xx.o(RESET) refers to stm32g4xx_it.o(i.DebugMon_Handler) for DebugMon_Handler
    startup_stm32g474xx.o(RESET) refers to stm32g4xx_it.o(i.PendSV_Handler) for PendSV_Handler
    startup_stm32g474xx.o(RESET) refers to stm32g4xx_it.o(i.SysTick_Handler) for SysTick_Handler
    startup_stm32g474xx.o(RESET) refers to stm32g4xx_it.o(i.TIM1_CC_IRQHandler) for TIM1_CC_IRQHandler
    startup_stm32g474xx.o(.text) refers (Special) to heapauxi.o(.text) for __use_two_region_memory
    startup_stm32g474xx.o(.text) refers to system_stm32g4xx.o(i.SystemInit) for SystemInit
    startup_stm32g474xx.o(.text) refers to __main.o(!!!main) for __main
    startup_stm32g474xx.o(.text) refers to startup_stm32g474xx.o(HEAP) for Heap_Mem
    startup_stm32g474xx.o(.text) refers to startup_stm32g474xx.o(STACK) for Stack_Mem
    main.o(i.SystemClock_Config) refers to rt_memclr_w.o(.text) for __aeabi_memclr4
    main.o(i.SystemClock_Config) refers to stm32g4xx_hal_pwr_ex.o(i.HAL_PWREx_ControlVoltageScaling) for HAL_PWREx_ControlVoltageScaling
    main.o(i.SystemClock_Config) refers to stm32g4xx_hal_rcc.o(i.HAL_RCC_OscConfig) for HAL_RCC_OscConfig
    main.o(i.SystemClock_Config) refers to stm32g4xx_hal_rcc.o(i.HAL_RCC_ClockConfig) for HAL_RCC_ClockConfig
    main.o(i.main) refers to stm32g4xx_hal.o(i.HAL_Init) for HAL_Init
    main.o(i.main) refers to main.o(i.SystemClock_Config) for SystemClock_Config
    main.o(i.main) refers to gpio.o(i.MX_GPIO_Init) for MX_GPIO_Init
    main.o(i.main) refers to usart.o(i.MX_USART3_UART_Init) for MX_USART3_UART_Init
    main.o(i.main) refers to tim.o(i.MX_TIM1_Init) for MX_TIM1_Init
    main.o(i.main) refers to spi.o(i.MX_SPI1_Init) for MX_SPI1_Init
    main.o(i.main) refers to statemachine.o(i.Motor_StateMachine_Init) for Motor_StateMachine_Init
    main.o(i.main) refers to vofa.o(i.Vofa_Send_Task) for Vofa_Send_Task
    main.o(i.main) refers to statemachine.o(.bss) for MotorSystem
    gpio.o(i.MX_GPIO_Init) refers to rt_memclr_w.o(.text) for __aeabi_memclr4
    gpio.o(i.MX_GPIO_Init) refers to stm32g4xx_hal_gpio.o(i.HAL_GPIO_WritePin) for HAL_GPIO_WritePin
    gpio.o(i.MX_GPIO_Init) refers to stm32g4xx_hal_gpio.o(i.HAL_GPIO_Init) for HAL_GPIO_Init
    spi.o(i.HAL_SPI_MspDeInit) refers to stm32g4xx_hal_gpio.o(i.HAL_GPIO_DeInit) for HAL_GPIO_DeInit
    spi.o(i.HAL_SPI_MspInit) refers to rt_memclr_w.o(.text) for __aeabi_memclr4
    spi.o(i.HAL_SPI_MspInit) refers to stm32g4xx_hal_gpio.o(i.HAL_GPIO_Init) for HAL_GPIO_Init
    spi.o(i.MX_SPI1_Init) refers to stm32g4xx_hal_spi.o(i.HAL_SPI_Init) for HAL_SPI_Init
    spi.o(i.MX_SPI1_Init) refers to main.o(i.Error_Handler) for Error_Handler
    spi.o(i.MX_SPI1_Init) refers to spi.o(.bss) for .bss
    tim.o(i.HAL_TIM_MspPostInit) refers to rt_memclr_w.o(.text) for __aeabi_memclr4
    tim.o(i.HAL_TIM_MspPostInit) refers to stm32g4xx_hal_gpio.o(i.HAL_GPIO_Init) for HAL_GPIO_Init
    tim.o(i.HAL_TIM_PWM_MspDeInit) refers to stm32g4xx_hal_cortex.o(i.HAL_NVIC_DisableIRQ) for HAL_NVIC_DisableIRQ
    tim.o(i.HAL_TIM_PWM_MspInit) refers to stm32g4xx_hal_cortex.o(i.HAL_NVIC_SetPriority) for HAL_NVIC_SetPriority
    tim.o(i.HAL_TIM_PWM_MspInit) refers to stm32g4xx_hal_cortex.o(i.HAL_NVIC_EnableIRQ) for HAL_NVIC_EnableIRQ
    tim.o(i.MX_TIM1_Init) refers to rt_memclr_w.o(.text) for __aeabi_memclr4
    tim.o(i.MX_TIM1_Init) refers to stm32g4xx_hal_tim.o(i.HAL_TIM_PWM_Init) for HAL_TIM_PWM_Init
    tim.o(i.MX_TIM1_Init) refers to main.o(i.Error_Handler) for Error_Handler
    tim.o(i.MX_TIM1_Init) refers to stm32g4xx_hal_tim_ex.o(i.HAL_TIMEx_MasterConfigSynchronization) for HAL_TIMEx_MasterConfigSynchronization
    tim.o(i.MX_TIM1_Init) refers to stm32g4xx_hal_tim.o(i.HAL_TIM_PWM_ConfigChannel) for HAL_TIM_PWM_ConfigChannel
[...]
    .ARM.Collect$$libinit$$0000001B          0x08000252   Section        0  libinit2.o(.ARM.Collect$$libinit$$0000001B)
    .ARM.Collect$$libinit$$0000001D          0x08000252   Section        0  libinit2.o(.ARM.Collect$$libinit$$0000001D)
    .ARM.Collect$$libinit$$0000001F          0x08000252   Section        0  libinit2.o(.ARM.Collect$$libinit$$0000001F)
    .ARM.Collect$$libinit$$00000021          0x08000252   Section        0  libinit2.o(.ARM.Collect$$libinit$$00000021)
    .ARM.Collect$$libinit$$00000023          0x08000252   Section        0  libinit2.o(.ARM.Collect$$libinit$$00000023)
    .ARM.Collect$$libinit$$00000025          0x08000252   Section        0  libinit2.o(.ARM.Collect$$libinit$$00000025)
    .ARM.Collect$$libinit$$0000002C          0x08000252   Section        0  libinit2.o(.ARM.Collect$$libinit$$0000002C)
    .ARM.Collect$$libinit$$0000002E          0x08000252   Section        0  libinit2.o(.ARM.Collect$$libinit$$0000002E)
    .ARM.Collect$$libinit$$00000030          0x08000252   Section        0  libinit2.o(.ARM.Collect$$libinit$$00000030)
    .ARM.Collect$$libinit$$00000032          0x08000252   Section        0  libinit2.o(.ARM.Collect$$libinit$$00000032)
    .ARM.Collect$$libinit$$00000033          0x08000252   Section        2  libinit2.o(.ARM.Collect$$libinit$$00000033)
    .ARM.Collect$$libshutdown$$00000000      0x08000254   Section        2  libshutdown.o(.ARM.Collect$$libshutdown$$00000000)
    .ARM.Collect$$libshutdown$$00000002      0x08000256   Section        0  libshutdown2.o(.ARM.Collect$$libshutdown$$00000002)
    .ARM.Collect$$libshutdown$$00000004      0x08000256   Section        0  libshutdown2.o(.ARM.Collect$$libshutdown$$00000004)
    .ARM.Collect$$libshutdown$$00000006      0x08000256   Section        0  libshutdown2.o(.ARM.Collect$$libshutdown$$00000006)
    .ARM.Collect$$libshutdown$$00000009      0x08000256   Section        0  libshutdown2.o(.ARM.Collect$$libshutdown$$00000009)
    .ARM.Collect$$libshutdown$$0000000C      0x08000256   Section        0  libshutdown2.o(.ARM.Collect$$libshutdown$$0000000C)
    .ARM.Collect$$libshutdown$$0000000E      0x08000256   Section        0  libshutdown2.o(.ARM.Collect$$libshutdown$$0000000E)
    .ARM.Collect$$libshutdown$$00000011      0x08000256   Section        0  libshutdown2.o(.ARM.Collect$$libshutdown$$00000011)
    .ARM.Collect$$libshutdown$$00000012      0x08000256   Section        2  libshutdown2.o(.ARM.Collect$$libshutdown$$00000012)
    .ARM.Collect$$rtentry$$00000000          0x08000258   Section        0  __rtentry.o(.ARM.Collect$$rtentry$$00000000)
    .ARM.Collect$$rtentry$$00000002          0x08000258   Section        0  __rtentry2.o(.ARM.Collect$$rtentry$$00000002)
    .ARM.Collect$$rtentry$$00000004          0x08000258   Section        6  __rtentry4.o(.ARM.Collect$$rtentry$$00000004)
    .ARM.Collect$$rtentry$$00000009          0x0800025e   Section        0  __rtentry2.o(.ARM.Collect$$rtentry$$00000009)
    .ARM.Collect$$rtentry$$0000000A          0x0800025e   Section        4  __rtentry2.o(.ARM.Collect$$rtentry$$0000000A)
    .ARM.Collect$$rtentry$$0000000C          0x08000262   Section        0  __rtentry2.o(.ARM.Collect$$rtentry$$0000000C)
    .ARM.Collect$$rtentry$$0000000D          0x08000262   Section        8  __rtentry2.o(.ARM.Collect$$rtentry$$0000000D)
    .ARM.Collect$$rtexit$$00000000           0x0800026a   Section        2  rtexit.o(.ARM.Collect$$rtexit$$00000000)
    .ARM.Collect$$rtexit$$00000002           0x0800026c   Section        0  rtexit2.o(.ARM.Collect$$rtexit$$00000002)
    .ARM.Collect$$rtexit$$00000003           0x0800026c   Section        4  rtexit2.o(.ARM.Collect$$rtexit$$00000003)
    .ARM.Collect$$rtexit$$00000004           0x08000270   Section        6  rtexit2.o(.ARM.Collect$$rtexit$$00000004)
    .text                                    0x08000278   Section       64  startup_stm32g474xx.o(.text)
    $v0                                      0x08000278   Number         0  startup_stm32g474xx.o(.text)
    .text                                    0x080002b8   Section      238  lludivv7m.o(.text)
    .text                                    0x080003a6   Section      100  rt_memcpy_w.o(.text)
    .text                                    0x0800040a   Section       78  rt_memclr_w.o(.text)
    .text                                    0x08000458   Section        0  heapauxi.o(.text)
    .text                                    0x0800045e   Section        0  _rserrno.o(.text)
    .text                                    0x08000474   Section        8  rt_errno_addr_intlibspace.o(.text)
    .text                                    0x0800047c   Section        8  libspace.o(.text)
    .text                                    0x08000484   Section       74  sys_stackheap_outer.o(.text)
    .text                                    0x080004ce   Section        0  exit.o(.text)
    .text                                    0x080004e0   Section        0  sys_exit.o(.text)
    .text                                    0x080004ec   Section        2  use_no_semi.o(.text)
    .text                                    0x080004ee   Section        0  indicate_semi.o(.text)
    i.BusFault_Handler                       0x080004ee   Section        0  stm32g4xx_it.o(i.BusFault_Handler)
    i.DebugMon_Handler                       0x080004f0   Section        0  stm32g4xx_it.o(i.DebugMon_Handler)
    i.Encode_Param_Init                      0x080004f2   Section        0  encoder.o(i.Encode_Param_Init)
    i.Encoder_Update                         0x080004f8   Section        0  encoder.o(i.Encoder_Update)
    i.Error_Handler                          0x08000528   Section        0  main.o(i.Error_Handler)
    i.Foc_VoltageUpdate                      0x0800052c   Section        0  focalgorithm.o(i.Foc_VoltageUpdate)
    i.HAL_GPIO_Init                          0x08000544   Section        0  stm32g4xx_hal_gpio.o(i.HAL_GPIO_Init)
    i.HAL_GPIO_WritePin                      0x08000778   Section        0  stm32g4xx_hal_gpio.o(i.HAL_GPIO_WritePin)
    i.HAL_GetTick                            0x08000784   Section        0  stm32g4xx_hal.o(i.HAL_GetTick)
    i.HAL_IncTick                            0x08000790   Section        0  stm32g4xx_hal.o(i.HAL_IncTick)
    i.HAL_Init                               0x080007a0   Section        0  stm32g4xx_hal.o(i.HAL_Init)
    i.HAL_InitTick                           0x080007c0   Section        0  stm32g4xx_hal.o(i.HAL_InitTick)
    i.HAL_MspInit                            0x08000804   Section        0  stm32g4xx_hal_msp.o(i.HAL_MspInit)
    i.HAL_NVIC_EnableIRQ                     0x08000834   Section        0  stm32g4xx_hal_cortex.o(i.HAL_NVIC_EnableIRQ)
    i.HAL_NVIC_SetPriority                   0x08000850   Section        0  stm32g4xx_hal_cortex.o(i.HAL_NVIC_SetPriority)
    i.HAL_NVIC_SetPriorityGrouping           0x08000890   Section        0  stm32g4xx_hal_cortex.o(i.HAL_NVIC_SetPriorityGrouping)
    i.HAL_PWREx_ControlVoltageScaling        0x080008b4   Section        0  stm32g4xx_hal_pwr_ex.o(i.HAL_PWREx_ControlVoltageScaling)
    i.HAL_PWREx_DisableUCPDDeadBattery       0x08000970   Section        0  stm32g4xx_hal_pwr_ex.o(i.HAL_PWREx_DisableUCPDDeadBattery)
    i.HAL_RCCEx_PeriphCLKConfig              0x08000980   Section        0  stm32g4xx_hal_rcc_ex.o(i.HAL_RCCEx_PeriphCLKConfig)
    i.HAL_RCC_ClockConfig                    0x08000c80   Section        0  stm32g4xx_hal_rcc.o(i.HAL_RCC_ClockConfig)
    i.HAL_RCC_GetPCLK1Freq                   0x08000e5c   Section        0  stm32g4xx_hal_rcc.o(i.HAL_RCC_GetPCLK1Freq)
    i.HAL_RCC_GetPCLK2Freq                   0x08000e80   Section        0  stm32g4xx_hal_rcc.o(i.HAL_RCC_GetPCLK2Freq)
    i.HAL_RCC_GetSysClockFreq                0x08000ea4   Section        0  stm32g4xx_hal_rcc.o(i.HAL_RCC_GetSysClockFreq)
    i.HAL_RCC_OscConfig                      0x08000f10   Section        0  stm32g4xx_hal_rcc.o(i.HAL_RCC_OscConfig)
    i.HAL_SPI_Init                           0x08001314   Section        0  stm32g4xx_hal_spi.o(i.HAL_SPI_Init)
    i.HAL_SPI_MspInit                        0x08001400   Section        0  spi.o(i.HAL_SPI_MspInit)
    i.HAL_SPI_TransmitReceive                0x08001464   Section        0  stm32g4xx_hal_spi.o(i.HAL_SPI_TransmitReceive)
    i.HAL_SYSTICK_Config                     0x080016d6   Section        0  stm32g4xx_hal_cortex.o(i.HAL_SYSTICK_Config)
    i.HAL_TIMEx_Break2Callback               0x080016fe   Section        0  stm32g4xx_hal_tim_ex.o(i.HAL_TIMEx_Break2Callback)
    i.HAL_TIMEx_BreakCallback                0x08001700   Section        0  stm32g4xx_hal_tim_ex.o(i.HAL_TIMEx_BreakCallback)
    i.HAL_TIMEx_CommutCallback               0x08001702   Section        0  stm32g4xx_hal_tim_ex.o(i.HAL_TIMEx_CommutCallback)
    i.HAL_TIMEx_ConfigBreakDeadTime          0x08001704   Section        0  stm32g4xx_hal_tim_ex.o(i.HAL_TIMEx_ConfigBreakDeadTime)
    i.HAL_TIMEx_DirectionChangeCallback      0x080017ac   Section        0  stm32g4xx_hal_tim_ex.o(i.HAL_TIMEx_DirectionChangeCallback)
    i.HAL_TIMEx_EncoderIndexCallback         0x080017ae   Section        0  stm32g4xx_hal_tim_ex.o(i.HAL_TIMEx_EncoderIndexCallback)
    i.HAL_TIMEx_IndexErrorCallback           0x080017b0   Section        0  stm32g4xx_hal_tim_ex.o(i.HAL_TIMEx_IndexErrorCallback)
    i.HAL_TIMEx_MasterConfigSynchronization  0x080017b4   Section        0  stm32g4xx_hal_tim_ex.o(i.HAL_TIMEx_MasterConfigSynchronization)
    i.HAL_TIMEx_PWMN_Start                   0x0800186c   Section        0  stm32g4xx_hal_tim_ex.o(i.HAL_TIMEx_PWMN_Start)
    i.HAL_TIMEx_TransitionErrorCallback      0x08001938   Section        0  stm32g4xx_hal_tim_ex.o(i.HAL_TIMEx_TransitionErrorCallback)
    i.HAL_TIM_IC_CaptureCallback             0x0800193a   Section        0  stm32g4xx_hal_tim.o(i.HAL_TIM_IC_CaptureCallback)
    i.HAL_TIM_IRQHandler                     0x0800193c   Section        0  stm32g4xx_hal_tim.o(i.HAL_TIM_IRQHandler)
    i.HAL_TIM_MspPostInit                    0x08001ae0   Section        0  tim.o(i.HAL_TIM_MspPostInit)
    i.HAL_TIM_OC_DelayElapsedCallback        0x08001b74   Section        0  stm32g4xx_hal_tim.o(i.HAL_TIM_OC_DelayElapsedCallback)
    i.HAL_TIM_PWM_ConfigChannel              0x08001b76   Section        0  stm32g4xx_hal_tim.o(i.HAL_TIM_PWM_ConfigChannel)
    i.HAL_TIM_PWM_Init                       0x08001c9a   Section        0  stm32g4xx_hal_tim.o(i.HAL_TIM_PWM_Init)
    i.HAL_TIM_PWM_MspInit                    0x08001cfc   Section        0  tim.o(i.HAL_TIM_PWM_MspInit)
    i.HAL_TIM_PWM_PulseFinishedCallback      0x08001d38   Section        0  stm32g4xx_it.o(i.HAL_TIM_PWM_PulseFinishedCallback)
    i.HAL_TIM_PWM_Start                      0x08001d58   Section        0  stm32g4xx_hal_tim.o(i.HAL_TIM_PWM_Start)
    i.HAL_TIM_PeriodElapsedCallback          0x08001e6c   Section        0  stm32g4xx_hal_tim.o(i.HAL_TIM_PeriodElapsedCallback)
    i.HAL_TIM_TriggerCallback                0x08001e6e   Section        0  stm32g4xx_hal_tim.o(i.HAL_TIM_TriggerCallback)
    i.HAL_UARTEx_DisableFifoMode             0x08001e70   Section        0  stm32g4xx_hal_uart_ex.o(i.HAL_UARTEx_DisableFifoMode)
    i.HAL_UARTEx_SetRxFifoThreshold          0x08001eae   Section        0  stm32g4xx_hal_uart_ex.o(i.HAL_UARTEx_SetRxFifoThreshold)
    i.HAL_UARTEx_SetTxFifoThreshold          0x08001efa   Section        0  stm32g4xx_hal_uart_ex.o(i.HAL_UARTEx_SetTxFifoThreshold)
    i.HAL_UART_Init                          0x08001f46   Section        0  stm32g4xx_hal_uart.o(i.HAL_UART_Init)
    i.HAL_UART_MspInit                       0x08001fb0   Section        0  usart.o(i.HAL_UART_MspInit)
    i.HAL_UART_Transmit                      0x08002030   Section        0  stm32g4xx_hal_uart.o(i.HAL_UART_Transmit)
    i.HardFault_Handler                      0x080020e6   Section        0  stm32g4xx_it.o(i.HardFault_Handler)
    i.MT6701_ReadData                        0x080020e8   Section        0  hardware_driver.o(i.MT6701_ReadData)
    i.MX_GPIO_Init                           0x08002130   Section        0  gpio.o(i.MX_GPIO_Init)
    i.MX_SPI1_Init                           0x080021e0   Section        0  spi.o(i.MX_SPI1_Init)
    i.MX_TIM1_Init                           0x08002230   Section        0  tim.o(i.MX_TIM1_Init)
    i.MX_USART3_UART_Init                    0x08002318   Section        0  usart.o(i.MX_USART3_UART_Init)
    i.MemManage_Handler                      0x08002380   Section        0  stm32g4xx_it.o(i.MemManage_Handler)
    i.Motor_EnablePWM                        0x08002384   Section        0  hardware_driver.o(i.Motor_EnablePWM)
    i.Motor_Hardware_Init                    0x080023c0   Section        0  hardware_driver.o(i.Motor_Hardware_Init)
    i.Motor_SetPWM                           0x080023e4   Section        0  hardware_driver.o(i.Motor_SetPWM)
    i.Motor_StateMachine_Init                0x080023fc   Section        0  statemachine.o(i.Motor_StateMachine_Init)
    i.Motor_StateMachine_Run                 0x08002450   Section        0  statemachine.o(i.Motor_StateMachine_Run)
    i.NMI_Handler                            0x08002488   Section        0  stm32g4xx_it.o(i.NMI_Handler)
    i.PendSV_Handler                         0x0800248a   Section        0  stm32g4xx_it.o(i.PendSV_Handler)
    i.Rev_Clark_Transf                       0x0800248c   Section        0  focalgorithm.o(i.Rev_Clark_Transf)
    i.Rev_Park_Transf                        0x080024c0   Section        0  focalgorithm.o(i.Rev_Park_Transf)
    i.SPI_EndRxTxTransaction                 0x08002516   Section        0  stm32g4xx_hal_spi.o(i.SPI_EndRxTxTransaction)
    SPI_EndRxTxTransaction                   0x08002517   Thumb Code    72  stm32g4xx_hal_spi.o(i.SPI_EndRxTxTransaction)
    i.SPI_WaitFifoStateUntilTimeout          0x08002560   Section        0  stm32g4xx_hal_spi.o(i.SPI_WaitFifoStateUntilTimeout)
    SPI_WaitFifoStateUntilTimeout            0x08002561   Thumb Code   220  stm32g4xx_hal_spi.o(i.SPI_WaitFifoStateUntilTimeout)
    i.SPI_WaitFlagStateUntilTimeout          0x08002640   Section        0  stm32g4xx_hal_spi.o(i.SPI_WaitFlagStateUntilTimeout)
    SPI_WaitFlagStateUntilTimeout            0x08002641   Thumb Code   182  stm32g4xx_hal_spi.o(i.SPI_WaitFlagStateUntilTimeout)
    i.SVC_Handler                            0x080026fc   Section        0  stm32g4xx_it.o(i.SVC_Handler)
    i.SVPWM_ZeroSqlInject                    0x08002700   Section        0  focalgorithm.o(i.SVPWM_ZeroSqlInject)
    i.Set_Udc_Tpwm_parameters                0x08002834   Section        0  focalgorithm.o(i.Set_Udc_Tpwm_parameters)
    i.SysTick_Handler                        0x0800283a   Section        0  stm32g4xx_it.o(i.SysTick_Handler)
    i.SystemClock_Config                     0x0800283e   Section        0  main.o(i.SystemClock_Config)
    i.SystemInit                             0x080028a4   Section        0  system_stm32g4xx.o(i.SystemInit)
    i.TIM1_CC_IRQHandler                     0x080028b4   Section        0  stm32g4xx_it.o(i.TIM1_CC_IRQHandler)
    i.TIM_Base_SetConfig                     0x080028c0   Section        0  stm32g4xx_hal_tim.o(i.TIM_Base_SetConfig)
    i.TIM_CCxChannelCmd                      0x0800299c   Section        0  stm32g4xx_hal_tim.o(i.TIM_CCxChannelCmd)
    i.TIM_CCxNChannelCmd                     0x080029b6   Section        0  stm32g4xx_hal_tim_ex.o(i.TIM_CCxNChannelCmd)
    TIM_CCxNChannelCmd                       0x080029b7   Thumb Code    26  stm32g4xx_hal_tim_ex.o(i.TIM_CCxNChannelCmd)
    i.TIM_OC1_SetConfig                      0x080029d0   Section        0  stm32g4xx_hal_tim.o(i.TIM_OC1_SetConfig)
    TIM_OC1_SetConfig                        0x080029d1   Thumb Code   152  stm32g4xx_hal_tim.o(i.TIM_OC1_SetConfig)
    i.TIM_OC2_SetConfig                      0x08002a84   Section        0  stm32g4xx_hal_tim.o(i.TIM_OC2_SetConfig)
    i.TIM_OC3_SetConfig                      0x08002b2c   Section        0  stm32g4xx_hal_tim.o(i.TIM_OC3_SetConfig)
    TIM_OC3_SetConfig                        0x08002b2d   Thumb Code   138  stm32g4xx_hal_tim.o(i.TIM_OC3_SetConfig)
    i.TIM_OC4_SetConfig                      0x08002bd4   Section        0  stm32g4xx_hal_tim.o(i.TIM_OC4_SetConfig)
    TIM_OC4_SetConfig                        0x08002bd5   Thumb Code   140  stm32g4xx_hal_tim.o(i.TIM_OC4_SetConfig)
    i.TIM_OC5_SetConfig                      0x08002c7c   Section        0  stm32g4xx_hal_tim.o(i.TIM_OC5_SetConfig)
    TIM_OC5_SetConfig                        0x08002c7d   Thumb Code    92  stm32g4xx_hal_tim.o(i.TIM_OC5_SetConfig)
    i.TIM_OC6_SetConfig                      0x08002cf4   Section        0  stm32g4xx_hal_tim.o(i.TIM_OC6_SetConfig)
    TIM_OC6_SetConfig                        0x08002cf5   Thumb Code    94  stm32g4xx_hal_tim.o(i.TIM_OC6_SetConfig)
    i.UARTEx_SetNbDataToProcess              0x08002d70   Section        0  stm32g4xx_hal_uart_ex.o(i.UARTEx_SetNbDataToProcess)
    UARTEx_SetNbDataToProcess                0x08002d71   Thumb Code    62  stm32g4xx_hal_uart_ex.o(i.UARTEx_SetNbDataToProcess)
    i.UART_AdvFeatureConfig                  0x08002db4   Section        0  stm32g4xx_hal_uart.o(i.UART_AdvFeatureConfig)
    i.UART_CheckIdleState                    0x08002e7c   Section        0  stm32g4xx_hal_uart.o(i.UART_CheckIdleState)
    i.UART_EndRxTransfer                     0x08002f28   Section        0  stm32g4xx_hal_uart.o(i.UART_EndRxTransfer)
    UART_EndRxTransfer                       0x08002f29   Thumb Code    78  stm32g4xx_hal_uart.o(i.UART_EndRxTransfer)
    i.UART_SetConfig                         0x08002f7c   Section        0  stm32g4xx_hal_uart.o(i.UART_SetConfig)
    i.UART_WaitOnFlagUntilTimeout            0x08003214   Section        0  stm32g4xx_hal_uart.o(i.UART_WaitOnFlagUntilTimeout)
    i.UsageFault_Handler                     0x080032a8   Section        0  stm32g4xx_it.o(i.UsageFault_Handler)
    i.VF_SpeedControl_Param_Init             0x080032aa   Section        0  focalgorithm.o(i.VF_SpeedControl_Param_Init)
    i.VF_SpeedControl_Update                 0x080032b0   Section        0  focalgorithm.o(i.VF_SpeedControl_Update)
    i.Vofa_Data_Process                      0x08003398   Section        0  vofa.o(i.Vofa_Data_Process)
    i.Vofa_Send_Task                         0x080033d4   Section        0  vofa.o(i.Vofa_Send_Task)
    i.__ARM_fpclassifyf                      0x08003434   Section        0  fpclassifyf.o(i.__ARM_fpclassifyf)
    i.__NVIC_SetPriority                     0x0800345a   Section        0  stm32g4xx_hal_cortex.o(i.__NVIC_SetPriority)
    __NVIC_SetPriority                       0x0800345b   Thumb Code    32  stm32g4xx_hal_cortex.o(i.__NVIC_SetPriority)
    i.__hardfp_cosf                          0x0800347c   Section        0  cosf.o(i.__hardfp_cosf)
    i.__hardfp_fmod                          0x080035cc   Section        0  fmod.o(i.__hardfp_fmod)
    i.__hardfp_sinf                          0x080036d0   Section        0  sinf.o(i.__hardfp_sinf)
    i.__mathlib_dbl_invalid                  0x08003860   Section        0  dunder.o(i.__mathlib_dbl_invalid)
    i.__mathlib_flt_infnan                   0x08003880   Section        0  funder.o(i.__mathlib_flt_infnan)
    i.__mathlib_flt_invalid                  0x08003888   Section        0  funder.o(i.__mathlib_flt_invalid)
    i.__mathlib_flt_underflow                0x08003898   Section        0  funder.o(i.__mathlib_flt_underflow)
    i.__mathlib_rredf2                       0x080038a8   Section        0  rredf.o(i.__mathlib_rredf2)
    i.main                                   0x080039fc   Section        0  main.o(i.main)
    x$fpl$d2f                                0x08003a28   Section       98  d2f.o(x$fpl$d2f)
    $v0                                      0x08003a28   Number         0  d2f.o(x$fpl$d2f)
    x$fpl$dadd                               0x08003a8c   Section      336  daddsub_clz.o(x$fpl$dadd)
    $v0                                      0x08003a8c   Number         0  daddsub_clz.o(x$fpl$dadd)
    _dadd1                                   0x08003a9d   Thumb Code     0  daddsub_clz.o(x$fpl$dadd)
    x$fpl$ddiv                               0x08003bdc   Section      688  ddiv.o(x$fpl$ddiv)
    $v0                                      0x08003bdc   Number         0  ddiv.o(x$fpl$ddiv)
    ddiv_entry                               0x08003be3   Thumb Code     0  ddiv.o(x$fpl$ddiv)
    x$fpl$dfix                               0x08003e8c   Section       94  dfix.o(x$fpl$dfix)
    $v0                                      0x08003e8c   Number         0  dfix.o(x$fpl$dfix)
    x$fpl$dmul                               0x08003eec   Section      340  dmul.o(x$fpl$dmul)
    $v0                                      0x08003eec   Number         0  dmul.o(x$fpl$dmul)
    x$fpl$dnaninf                            0x08004040   Section      156  dnaninf.o(x$fpl$dnaninf)
    $v0                                      0x08004040   Number         0  dnaninf.o(x$fpl$dnaninf)
    x$fpl$drem                               0x080040dc   Section      336  drem_clz.o(x$fpl$drem)
    $v0                                      0x080040dc   Number         0  drem_clz.o(x$fpl$drem)
    x$fpl$dretinf                            0x0800422c   Section       12  dretinf.o(x$fpl$dretinf)
    $v0                                      0x0800422c   Number         0  dretinf.o(x$fpl$dretinf)
    x$fpl$drsb                               0x08004238   Section       22  daddsub_clz.o(x$fpl$drsb)
    $v0                                      0x08004238   Number         0  daddsub_clz.o(x$fpl$drsb)
    x$fpl$dsub                               0x08004250   Section      468  daddsub_clz.o(x$fpl$dsub)
    $v0                                      0x08004250   Number         0  daddsub_clz.o(x$fpl$dsub)
    _dsub1                                   0x08004261   Thumb Code     0  daddsub_clz.o(x$fpl$dsub)
    x$fpl$f2d                                0x08004424   Section       86  f2d.o(x$fpl$f2d)
    $v0                                      0x08004424   Number         0  f2d.o(x$fpl$f2d)
    x$fpl$fnaninf                            0x0800447a   Section      140  fnaninf.o(x$fpl$fnaninf)
    $v0                                      0x0800447a   Number         0  fnaninf.o(x$fpl$fnaninf)
    x$fpl$fpinit                             0x08004506   Section       10  fpinit.o(x$fpl$fpinit)
    $v0                                      0x08004506   Number         0  fpinit.o(x$fpl$fpinit)
    x$fpl$fretinf                            0x08004510   Section       10  fretinf.o(x$fpl$fretinf)
    $v0                                      0x08004510   Number         0  fretinf.o(x$fpl$fretinf)
    .constdata                               0x0800451a   Section       24  stm32g4xx_hal_uart.o(.constdata)
    x$fpl$usenofp                            0x0800451a   Section        0  usenofp.o(x$fpl$usenofp)
    .constdata                               0x08004532   Section       16  stm32g4xx_hal_uart_ex.o(.constdata)
    numerator                                0x08004532   Data           8  stm32g4xx_hal_uart_ex.o(.constdata)
    denominator                              0x0800453a   Data           8  stm32g4xx_hal_uart_ex.o(.constdata)
    .constdata                               0x08004542   Section       16  system_stm32g4xx.o(.constdata)
    .constdata                               0x08004552   Section        8  system_stm32g4xx.o(.constdata)
    .constdata                               0x0800455c   Section       32  rredf.o(.constdata)
    twooverpi                                0x0800455c   Data          32  rredf.o(.constdata)
    .data                                    0x20000000   Section       12  stm32g4xx_hal.o(.data)
    .data                                    0x2000000c   Section        4  system_stm32g4xx.o(.data)
    .bss                                     0x20000010   Section      100  spi.o(.bss)
    .bss                                     0x20000074   Section       76  tim.o(.bss)
    .bss                                     0x200000c0   Section      148  usart.o(.bss)
    .bss                                     0x20000154   Section       76  vofa.o(.bss)
    .bss                                     0x200001a0   Section      124  statemachine.o(.bss)
    .bss                                     0x2000021c   Section       96  libspace.o(.bss)
    HEAP                                     0x20000280   Section      512  startup_stm32g474xx.o(HEAP)
    Heap_Mem                                 0x20000280   Data         512  startup_stm32g474xx.o(HEAP)
    STACK                                    0x20000480   Section     1024  startup_stm32g474xx.o(STACK)
    Stack_Mem                                0x20000480   Data        1024  startup_stm32g474xx.o(STACK)
    __initial_sp                             0x20000880   Data           0  startup_stm32g474xx.o(STACK)

    Global Symbols

    Symbol Name                              Value     Ov Type        Size  Object(Section)

    BuildAttributes$$THM_ISAv4$E$P$D$K$B$S$7EM$VFPi3$EXTD16$VFPS$VFMA$PE$A:L22UL41UL21$X:L11$S22US41US21$IEEE1$IW$USESV6$~STKCKD$USESV7$~SHL$OTIME$ROPI$IEEEX$EBA8$UX$STANDARDLIB$REQ8$PRES8$EABIv2 0x00000000   Number         0  anon$$obj.o ABSOLUTE
    __ARM_use_no_argv                        0x00000000   Number         0  main.o ABSOLUTE
    __ARM_exceptions_init                     - Undefined Weak Reference
    __alloca_initialize                       - Undefined Weak Reference
    __arm_fini_                               - Undefined Weak Reference
    __arm_preinit_                            - Undefined Weak Reference
    __cpp_initialize__aeabi_                  - Undefined Weak Reference
    __cxa_finalize                            - Undefined Weak Reference
    __rt_locale                               - Undefined Weak Reference
    __sigvec_lookup                           - Undefined Weak Reference
    _atexit_init                              - Undefined Weak Reference
    _call_atexit_fns                          - Undefined Weak Reference
    _clock_init                               - Undefined Weak Reference
    _fp_trap_init                             - Undefined Weak Reference
    _fp_trap_shutdown                         - Undefined Weak Reference
    _get_lc_collate                           - Undefined Weak Reference
    _get_lc_ctype                             - Undefined Weak Reference
    _get_lc_monetary                          - Undefined Weak Reference
    _get_lc_numeric                           - Undefined Weak Reference
    _get_lc_time                              - Undefined Weak Reference
    _getenv_init                              - Undefined Weak Reference
    _handle_redirection                       - Undefined Weak Reference
    _init_alloc                               - Undefined Weak Reference
    _init_user_alloc                          - Undefined Weak Reference
    _initio                                   - Undefined Weak Reference
    _rand_init                                - Undefined Weak Reference
    _signal_finish                            - Undefined Weak Reference
    _signal_init                              - Undefined Weak Reference
    _terminate_alloc                          - Undefined Weak Reference
    _terminate_user_alloc                     - Undefined Weak Reference
    _terminateio                              - Undefined Weak Reference
    __Vectors_Size                           0x000001d8   Number         0  startup_stm32g474xx.o ABSOLUTE
    __Vectors                                0x08000000   Data           4  startup_stm32g474xx.o(RESET)
    __Vectors_End                            0x080001d8   Data           0  startup_stm32g474xx.o(RESET)
    __main                                   0x080001d9   Thumb Code     8  __main.o(!!!main)
    __scatterload                            0x080001e1   Thumb Code     0  __scatter.o(!!!scatter)
    __scatterload_rt2                        0x080001e1   Thumb Code    44  __scatter.o(!!!scatter)
    __scatterload_rt2_thumb_only             0x080001e1   Thumb Code     0  __scatter.o(!!!scatter)
    __scatterload_null                       0x080001ef   Thumb Code     0  __scatter.o(!!!scatter)
    __scatterload_copy                       0x08000215   Thumb Code    26  __scatter_copy.o(!!handler_copy)
    __scatterload_zeroinit                   0x08000231   Thumb Code    28  __scatter_zi.o(!!handler_zi)
    __rt_lib_init                            0x0800024d   Thumb Code     0  libinit.o(.ARM.Collect$$libinit$$00000000)
    __rt_lib_init_fp_1                       0x0800024f   Thumb Code     0  libinit2.o(.ARM.Collect$$libinit$$00000001)
    __rt_lib_init_alloca_1                   0x08000253   Thumb Code     0  libinit2.o(.ARM.Collect$$libinit$$0000002E)
    __rt_lib_init_argv_1                     0x08000253   Thumb Code     0  libinit2.o(.ARM.Collect$$libinit$$0000002C)
    __rt_lib_init_atexit_1                   0x08000253   Thumb Code     0  libinit2.o(.ARM.Collect$$libinit$$0000001B)
    __rt_lib_init_clock_1                    0x08000253   Thumb Code     0  libinit2.o(.ARM.Collect$$libinit$$00000021)
    __rt_lib_init_cpp_1                      0x08000253   Thumb Code     0  libinit2.o(.ARM.Collect$$libinit$$00000032)
    __rt_lib_init_exceptions_1               0x08000253   Thumb Code     0  libinit2.o(.ARM.Collect$$libinit$$00000030)
    __rt_lib_init_fp_trap_1                  0x08000253   Thumb Code     0  libinit2.o(.ARM.Collect$$libinit$$0000001F)
    __rt_lib_init_getenv_1                   0x08000253   Thumb Code     0  libinit2.o(.ARM.Collect$$libinit$$00000023)
    __rt_lib_init_heap_1                     0x08000253   Thumb Code     0  libinit2.o(.ARM.Collect$$libinit$$0000000A)
    __rt_lib_init_lc_collate_1               0x08000253   Thumb Code     0  libinit2.o(.ARM.Collect$$libinit$$00000011)
    __rt_lib_init_lc_ctype_1                 0x08000253   Thumb Code     0  libinit2.o(.ARM.Collect$$libinit$$00000013)
    __rt_lib_init_lc_monetary_1              0x08000253   Thumb Code     0  libinit2.o(.ARM.Collect$$libinit$$00000015)
    __rt_lib_init_lc_numeric_1               0x08000253   Thumb Code     0  libinit2.o(.ARM.Collect$$libinit$$00000017)
    __rt_lib_init_lc_time_1                  0x08000253   Thumb Code     0  libinit2.o(.ARM.Collect$$libinit$$00000019)
    __rt_lib_init_preinit_1                  0x08000253   Thumb Code     0  libinit2.o(.ARM.Collect$$libinit$$00000004)
    __rt_lib_init_rand_1                     0x08000253   Thumb Code     0  libinit2.o(.ARM.Collect$$libinit$$0000000E)
    __rt_lib_init_return                     0x08000253   Thumb Code     0  libinit2.o(.ARM.Collect$$libinit$$00000033)
    __rt_lib_init_signal_1                   0x08000253   Thumb Code     0  libinit2.o(.ARM.Collect$$libinit$$0000001D)
    __rt_lib_init_stdio_1                    0x08000253   Thumb Code     0  libinit2.o(.ARM.Collect$$libinit$$00000025)
    __rt_lib_init_user_alloc_1               0x08000253   Thumb Code     0  libinit2.o(.ARM.Collect$$libinit$$0000000C)
    __rt_lib_shutdown                        0x08000255   Thumb Code     0  libshutdown.o(.ARM.Collect$$libshutdown$$00000000)
    __rt_lib_shutdown_cpp_1                  0x08000257   Thumb Code     0  libshutdown2.o(.ARM.Collect$$libshutdown$$00000004)
    __rt_lib_shutdown_fini_1                 0x08000257   Thumb Code     0  libshutdown2.o(.ARM.Collect$$libshutdown$$00000002)
    __rt_lib_shutdown_fp_trap_1              0x08000257   Thumb Code     0  libshutdown2.o(.ARM.Collect$$libshutdown$$00000009)
    __rt_lib_shutdown_heap_1                 0x08000257   Thumb Code     0  libshutdown2.o(.ARM.Collect$$libshutdown$$00000011)
    __rt_lib_shutdown_return                 0x08000257   Thumb Code     0  libshutdown2.o(.ARM.Collect$$libshutdown$$00000012)
    __rt_lib_shutdown_signal_1               0x08000257   Thumb Code     0  libshutdown2.o(.ARM.Collect$$libshutdown$$0000000C)
    __rt_lib_shutdown_stdio_1                0x08000257   Thumb Code     0  libshutdown2.o(.ARM.Collect$$libshutdown$$00000006)
    __rt_lib_shutdown_user_alloc_1           0x08000257   Thumb Code     0  libshutdown2.o(.ARM.Collect$$libshutdown$$0000000E)
    __rt_entry                               0x08000259   Thumb Code     0  __rtentry.o(.ARM.Collect$$rtentry$$00000000)
    __rt_entry_presh_1                       0x08000259   Thumb Code     0  __rtentry2.o(.ARM.Collect$$rtentry$$00000002)
    __rt_entry_sh                            0x08000259   Thumb Code     0  __rtentry4.o(.ARM.Collect$$rtentry$$00000004)
    __rt_entry_li                            0x0800025f   Thumb Code     0  __rtentry2.o(.ARM.Collect$$rtentry$$0000000A)
    __rt_entry_postsh_1                      0x0800025f   Thumb Code     0  __rtentry2.o(.ARM.Collect$$rtentry$$00000009)
    __rt_entry_main                          0x08000263   Thumb Code     0  __rtentry2.o(.ARM.Collect$$rtentry$$0000000D)
    __rt_entry_postli_1                      0x08000263   Thumb Code     0  __rtentry2.o(.ARM.Collect$$rtentry$$0000000C)
    __rt_exit                                0x0800026b   Thumb Code     0  rtexit.o(.ARM.Collect$$rtexit$$00000000)
    __rt_exit_ls                             0x0800026d   Thumb Code     0  rtexit2.o(.ARM.Collect$$rtexit$$00000003)
    __rt_exit_prels_1                        0x0800026d   Thumb Code     0  rtexit2.o(.ARM.Collect$$rtexit$$00000002)
    __rt_exit_exit                           0x08000271   Thumb Code     0  rtexit2.o(.ARM.Collect$$rtexit$$00000004)
    Reset_Handler                            0x08000279   Thumb Code     8  startup_stm32g474xx.o(.text)
    ADC1_2_IRQHandler                        0x08000293   Thumb Code     0  startup_stm32g474xx.o(.text)
    ADC3_IRQHandler                          0x08000293   Thumb Code     0  startup_stm32g474xx.o(.text)
    ADC4_IRQHandler                          0x08000293   Thumb Code     0  startup_stm32g474xx.o(.text)
    ADC5_IRQHandler                          0x08000293   Thumb Code     0  startup_stm32g474xx.o(.text)
    COMP1_2_3_IRQHandler                     0x08000293   Thumb Code     0  startup_stm32g474xx.o(.text)
    COMP4_5_6_IRQHandler                     0x08000293   Thumb Code     0  startup_stm32g474xx.o(.text)
    COMP7_IRQHandler                         0x08000293   Thumb Code     0  startup_stm32g474xx.o(.text)
    CORDIC_IRQHandler                        0x08000293   Thumb Code     0  startup_stm32g474xx.o(.text)
    CRS_IRQHandler                           0x08000293   Thumb Code     0  startup_stm32g474xx.o(.text)
    DMA1_Channel1_IRQHandler                 0x08000293   Thumb Code     0  startup_stm32g474xx.o(.text)
    DMA1_Channel2_IRQHandler                 0x08000293   Thumb Code     0  startup_stm32g474xx.o(.text)
    DMA1_Channel3_IRQHandler                 0x08000293   Thumb Code     0  startup_stm32g474xx.o(.text)
    DMA1_Channel4_IRQHandler                 0x08000293   Thumb Code     0  startup_stm32g474xx.o(.text)
    DMA1_Channel5_IRQHandler                 0x08000293   Thumb Code     0  startup_stm32g474xx.o(.text)
    DMA1_Channel6_IRQHandler                 0x08000293   Thumb Code     0  startup_stm32g474xx.o(.text)
    DMA1_Channel7_IRQHandler                 0x08000293   Thumb Code     0  startup_stm32g474xx.o(.text)
    DMA1_Channel8_IRQHandler                 0x08000293   Thumb Code     0  startup_stm32g474xx.o(.text)
    DMA2_Channel1_IRQHandler                 0x08000293   Thumb Code     0  startup_stm32g474xx.o(.text)
    DMA2_Channel2_IRQHandler                 0x08000293   Thumb Code     0  startup_stm32g474xx.o(.text)
    DMA2_Channel3_IRQHandler                 0x08000293   Thumb Code     0  startup_stm32g474xx.o(.text)
    DMA2_Channel4_IRQHandler                 0x08000293   Thumb Code     0  startup_stm32g474xx.o(.text)
    DMA2_Channel5_IRQHandler                 0x08000293   Thumb Code     0  startup_stm32g474xx.o(.text)
    DMA2_Channel6_IRQHandler                 0x08000293   Thumb Code     0  startup_stm32g474xx.o(.text)
    DMA2_Channel7_IRQHandler                 0x08000293   Thumb Code     0  startup_stm32g474xx.o(.text)
    DMA2_Channel8_IRQHandler                 0x08000293   Thumb Code     0  startup_stm32g474xx.o(.text)
    DMAMUX_OVR_IRQHandler                    0x08000293   Thumb Code     0  startup_stm32g474xx.o(.text)
    EXTI0_IRQHandler                         0x08000293   Thumb Code     0  startup_stm32g474xx.o(.text)
    EXTI15_10_IRQHandler                     0x08000293   Thumb Code     0  startup_stm32g474xx.o(.text)
    EXTI1_IRQHandler                         0x08000293   Thumb Code     0  startup_stm32g474xx.o(.text)
    EXTI2_IRQHandler                         0x08000293   Thumb Code     0  startup_stm32g474xx.o(.text)
    EXTI3_IRQHandler                         0x08000293   Thumb Code     0  startup_stm32g474xx.o(.text)
    EXTI4_IRQHandler                         0x08000293   Thumb Code     0  startup_stm32g474xx.o(.text)
    EXTI9_5_IRQHandler                       0x08000293   Thumb Code     0  startup_stm32g474xx.o(.text)
    FDCAN1_IT0_IRQHandler                    0x08000293   Thumb Code     0  startup_stm32g474xx.o(.text)
    FDCAN1_IT1_IRQHandler                    0x08000293   Thumb Code     0  startup_stm32g474xx.o(.text)
    FDCAN2_IT0_IRQHandler                    0x08000293   Thumb Code     0  startup_stm32g474xx.o(.text)
    FDCAN2_IT1_IRQHandler                    0x08000293   Thumb Code     0  startup_stm32g474xx.o(.text)
    FDCAN3_IT0_IRQHandler                    0x08000293   Thumb Code     0  startup_stm32g474xx.o(.text)
    FDCAN3_IT1_IRQHandler                    0x08000293   Thumb Code     0  startup_stm32g474xx.o(.text)
    FLASH_IRQHandler                         0x08000293   Thumb Code     0  startup_stm32g474xx.o(.text)
    FMAC_IRQHandler                          0x08000293   Thumb Code     0  startup_stm32g474xx.o(.text)
    FMC_IRQHandler                           0x08000293   Thumb Code     0  startup_stm32g474xx.o(.text)
    FPU_IRQHandler                           0x08000293   Thumb Code     0  startup_stm32g474xx.o(.text)
    HRTIM1_FLT_IRQHandler                    0x08000293   Thumb Code     0  startup_stm32g474xx.o(.text)
    HRTIM1_Master_IRQHandler                 0x08000293   Thumb Code     0  startup_stm32g474xx.o(.text)
    HRTIM1_TIMA_IRQHandler                   0x08000293   Thumb Code     0  startup_stm32g474xx.o(.text)
    HRTIM1_TIMB_IRQHandler                   0x08000293   Thumb Code     0  startup_stm32g474xx.o(.text)
    HRTIM1_TIMC_IRQHandler                   0x08000293   Thumb Code     0  startup_stm32g474xx.o(.text)
    HRTIM1_TIMD_IRQHandler                   0x08000293   Thumb Code     0  startup_stm32g474xx.o(.text)
    HRTIM1_TIME_IRQHandler                   0x08000293   Thumb Code     0  startup_stm32g474xx.o(.text)
    HRTIM1_TIMF_IRQHandler                   0x08000293   Thumb Code     0  startup_stm32g474xx.o(.text)
    I2C1_ER_IRQHandler                       0x08000293   Thumb Code     0  startup_stm32g474xx.o(.text)
    I2C1_EV_IRQHandler                       0x08000293   Thumb Code     0  startup_stm32g474xx.o(.text)
    I2C2_ER_IRQHandler                       0x08000293   Thumb Code     0  startup_stm32g474xx.o(.text)
    I2C2_EV_IRQHandler                       0x08000293   Thumb Code     0  startup_stm32g474xx.o(.text)
    I2C3_ER_IRQHandler                       0x08000293   Thumb Code     0  startup_stm32g474xx.o(.text)
    I2C3_EV_IRQHandler                       0x08000293   Thumb Code     0  startup_stm32g474xx.o(.text)
    I2C4_ER_IRQHandler                       0x08000293   Thumb Code     0  startup_stm32g474xx.o(.text)
    I2C4_EV_IRQHandler                       0x08000293   Thumb Code     0  startup_stm32g474xx.o(.text)
    LPTIM1_IRQHandler                        0x08000293   Thumb Code     0  startup_stm32g474xx.o(.text)
    LPUART1_IRQHandler                       0x08000293   Thumb Code     0  startup_stm32g474xx.o(.text)
    PVD_PVM_IRQHandler                       0x08000293   Thumb Code     0  startup_stm32g474xx.o(.text)
    QUADSPI_IRQHandler                       0x08000293   Thumb Code     0  startup_stm32g474xx.o(.text)
    RCC_IRQHandler                           0x08000293   Thumb Code     0  startup_stm32g474xx.o(.text)
    RNG_IRQHandler                           0x08000293   Thumb Code     0  startup_stm32g474xx.o(.text)
    RTC_Alarm_IRQHandler                     0x08000293   Thumb Code     0  startup_stm32g474xx.o(.text)
    RTC_TAMP_LSECSS_IRQHandler               0x08000293   Thumb Code     0  startup_stm32g474xx.o(.text)
    RTC_WKUP_IRQHandler                      0x08000293   Thumb Code     0  startup_stm32g474xx.o(.text)
    SAI1_IRQHandler                          0x08000293   Thumb Code     0  startup_stm32g474xx.o(.text)
    SPI1_IRQHandler                          0x08000293   Thumb Code     0  startup_stm32g474xx.o(.text)
    SPI2_IRQHandler                          0x08000293   Thumb Code     0  startup_stm32g474xx.o(.text)
    SPI3_IRQHandler                          0x08000293   Thumb Code     0  startup_stm32g474xx.o(.text)
    SPI4_IRQHandler                          0x08000293   Thumb Code     0  startup_stm32g474xx.o(.text)
    TIM1_BRK_TIM15_IRQHandler                0x08000293   Thumb Code     0  startup_stm32g474xx.o(.text)
    TIM1_TRG_COM_TIM17_IRQHandler            0x08000293   Thumb Code     0  startup_stm32g474xx.o(.text)
    TIM1_UP_TIM16_IRQHandler                 0x08000293   Thumb Code     0  startup_stm32g474xx.o(.text)
    TIM20_BRK_IRQHandler                     0x08000293   Thumb Code     0  startup_stm32g474xx.o(.text)
    TIM20_CC_IRQHandler                      0x08000293   Thumb Code     0  startup_stm32g474xx.o(.text)
    TIM20_TRG_COM_IRQHandler                 0x08000293   Thumb Code     0  startup_stm32g474xx.o(.text)
    TIM20_UP_IRQHandler                      0x08000293   Thumb Code     0  startup_stm32g474xx.o(.text)
    TIM2_IRQHandler                          0x08000293   Thumb Code     0  startup_stm32g474xx.o(.text)
    TIM3_IRQHandler                          0x08000293   Thumb Code     0  startup_stm32g474xx.o(.text)
    TIM4_IRQHandler                          0x08000293   Thumb Code     0  startup_stm32g474xx.o(.text)
    TIM5_IRQHandler                          0x08000293   Thumb Code     0  startup_stm32g474xx.o(.text)
    TIM6_DAC_IRQHandler                      0x08000293   Thumb Code     0  startup_stm32g474xx.o(.text)
    TIM7_DAC_IRQHandler                      0x08000293   Thumb Code     0  startup_stm32g474xx.o(.text)
    TIM8_BRK_IRQHandler                      0x08000293   Thumb Code     0  startup_stm32g474xx.o(.text)
    TIM8_CC_IRQHandler                       0x08000293   Thumb Code     0  startup_stm32g474xx.o(.text)
    TIM8_TRG_COM_IRQHandler                  0x08000293   Thumb Code     0  startup_stm32g474xx.o(.text)
    TIM8_UP_IRQHandler                       0x08000293   Thumb Code     0  startup_stm32g474xx.o(.text)
    UART4_IRQHandler                         0x08000293   Thumb Code     0  startup_stm32g474xx.o(.text)
    UART5_IRQHandler                         0x08000293   Thumb Code     0  startup_stm32g474xx.o(.text)
    UCPD1_IRQHandler                         0x08000293   Thumb Code     0  startup_stm32g474xx.o(.text)
    USART1_IRQHandler                        0x08000293   Thumb Code     0  startup_stm32g474xx.o(.text)
    USART2_IRQHandler                        0x08000293   Thumb Code     0  startup_stm32g474xx.o(.text)
    USART3_IRQHandler                        0x08000293   Thumb Code     0  startup_stm32g474xx.o(.text)
    USBWakeUp_IRQHandler                     0x08000293   Thumb Code     0  startup_stm32g474xx.o(.text)
    USB_HP_IRQHandler                        0x08000293   Thumb Code     0  startup_stm32g474xx.o(.text)
    USB_LP_IRQHandler                        0x08000293   Thumb Code     0  startup_stm32g474xx.o(.text)
    WWDG_IRQHandler                          0x08000293   Thumb Code     0  startup_stm32g474xx.o(.text)
    __user_initial_stackheap                 0x08000295   Thumb Code     0  startup_stm32g474xx.o(.text)
    __aeabi_uldivmod                         0x080002b9   Thumb Code     0  lludivv7m.o(.text)
    _ll_udiv                                 0x080002b9   Thumb Code   238  lludivv7m.o(.text)
    __aeabi_memcpy4                          0x080003a7   Thumb Code     0  rt_memcpy_w.o(.text)
    __aeabi_memcpy8                          0x080003a7   Thumb Code     0  rt_memcpy_w.o(.text)
    __rt_memcpy_w                            0x080003a7   Thumb Code   100  rt_memcpy_w.o(.text)
    _memcpy_lastbytes_aligned                0x080003ef   Thumb Code     0  rt_memcpy_w.o(.text)
    __aeabi_memclr4                          0x0800040b   Thumb Code     0  rt_memclr_w.o(.text)
    __aeabi_memclr8                          0x0800040b   Thumb Code     0  rt_memclr_w.o(.text)
    __rt_memclr_w                            0x0800040b   Thumb Code    78  rt_memclr_w.o(.text)
    _memset_w                                0x0800040f   Thumb Code     0  rt_memclr_w.o(.text)
    __use_two_region_memory                  0x08000459   Thumb Code     2  heapauxi.o(.text)
    __rt_heap_escrow$2region                 0x0800045b   Thumb Code     2  heapauxi.o(.text)
    __rt_heap_expand$2region                 0x0800045d   Thumb Code     2  heapauxi.o(.text)
    __read_errno                             0x0800045f   Thumb Code    10  _rserrno.o(.text)
    __set_errno                              0x08000469   Thumb Code    12  _rserrno.o(.text)
    __aeabi_errno_addr                       0x08000475   Thumb Code     8  rt_errno_addr_intlibspace.o(.text)
    __errno$intlibspace                      0x08000475   Thumb Code     0  rt_errno_addr_intlibspace.o(.text)
    __rt_errno_addr$intlibspace              0x08000475   Thumb Code     0  rt_errno_addr_intlibspace.o(.text)
    __user_libspace                          0x0800047d   Thumb Code     8  libspace.o(.text)
    __user_perproc_libspace                  0x0800047d   Thumb Code     0  libspace.o(.text)
    __user_perthread_libspace                0x0800047d   Thumb Code     0  libspace.o(.text)
    __user_setup_stackheap                   0x08000485   Thumb Code    74  sys_stackheap_outer.o(.text)
    exit                                     0x080004cf   Thumb Code    18  exit.o(.text)
    _sys_exit                                0x080004e1   Thumb Code     8  sys_exit.o(.text)
    __I$use$semihosting                      0x080004ed   Thumb Code     0  use_no_semi.o(.text)
    __use_no_semihosting_swi                 0x080004ed   Thumb Code     2  use_no_semi.o(.text)
    BusFault_Handler                         0x080004ef   Thumb Code     2  stm32g4xx_it.o(i.BusFault_Handler)
    __semihosting_library_function           0x080004ef   Thumb Code     0  indicate_semi.o(.text)
    DebugMon_Handler                         0x080004f1   Thumb Code     2  stm32g4xx_it.o(i.DebugMon_Handler)
    Encode_Param_Init                        0x080004f3   Thumb Code     6  encoder.o(i.Encode_Param_Init)
    Encoder_Update                           0x080004f9   Thumb Code    44  encoder.o(i.Encoder_Update)
    Error_Handler                            0x08000529   Thumb Code     4  main.o(i.Error_Handler)
    Foc_VoltageUpdate                        0x0800052d   Thumb Code    24  focalgorithm.o(i.Foc_VoltageUpdate)
    HAL_GPIO_Init                            0x08000545   Thumb Code   532  stm32g4xx_hal_gpio.o(i.HAL_GPIO_Init)
    HAL_GPIO_WritePin                        0x08000779   Thumb Code    10  stm32g4xx_hal_gpio.o(i.HAL_GPIO_WritePin)
    HAL_GetTick                              0x08000785   Thumb Code     6  stm32g4xx_hal.o(i.HAL_GetTick)
    HAL_IncTick                              0x08000791   Thumb Code    12  stm32g4xx_hal.o(i.HAL_IncTick)
    HAL_Init                                 0x080007a1   Thumb Code    30  stm32g4xx_hal.o(i.HAL_Init)
    HAL_InitTick                             0x080007c1   Thumb Code    58  stm32g4xx_hal.o(i.HAL_InitTick)
    HAL_MspInit                              0x08000805   Thumb Code    42  stm32g4xx_hal_msp.o(i.HAL_MspInit)
    HAL_NVIC_EnableIRQ                       0x08000835   Thumb Code    26  stm32g4xx_hal_cortex.o(i.HAL_NVIC_EnableIRQ)
    HAL_NVIC_SetPriority                     0x08000851   Thumb Code    60  stm32g4xx_hal_cortex.o(i.HAL_NVIC_SetPriority)
    HAL_NVIC_SetPriorityGrouping             0x08000891   Thumb Code    26  stm32g4xx_hal_cortex.o(i.HAL_NVIC_SetPriorityGrouping)
    HAL_PWREx_ControlVoltageScaling          0x080008b5   Thumb Code   174  stm32g4xx_hal_pwr_ex.o(i.HAL_PWREx_ControlVoltageScaling)
    HAL_PWREx_DisableUCPDDeadBattery         0x08000971   Thumb Code    12  stm32g4xx_hal_pwr_ex.o(i.HAL_PWREx_DisableUCPDDeadBattery)
    HAL_RCCEx_PeriphCLKConfig                0x08000981   Thumb Code   758  stm32g4xx_hal_rcc_ex.o(i.HAL_RCCEx_PeriphCLKConfig)
    HAL_RCC_ClockConfig                      0x08000c81   Thumb Code   444  stm32g4xx_hal_rcc.o(i.HAL_RCC_ClockConfig)
    HAL_RCC_GetPCLK1Freq                     0x08000e5d   Thumb Code    24  stm32g4xx_hal_rcc.o(i.HAL_RCC_GetPCLK1Freq)
    HAL_RCC_GetPCLK2Freq                     0x08000e81   Thumb Code    24  stm32g4xx_hal_rcc.o(i.HAL_RCC_GetPCLK2Freq)
    HAL_RCC_GetSysClockFreq                  0x08000ea5   Thumb Code    98  stm32g4xx_hal_rcc.o(i.HAL_RCC_GetSysClockFreq)
    HAL_RCC_OscConfig                        0x08000f11   Thumb Code  1028  stm32g4xx_hal_rcc.o(i.HAL_RCC_OscConfig)
    HAL_SPI_Init                             0x08001315   Thumb Code   234  stm32g4xx_hal_spi.o(i.HAL_SPI_Init)
    HAL_SPI_MspInit                          0x08001401   Thumb Code    86  spi.o(i.HAL_SPI_MspInit)
    HAL_SPI_TransmitReceive                  0x08001465   Thumb Code   626  stm32g4xx_hal_spi.o(i.HAL_SPI_TransmitReceive)
    HAL_SYSTICK_Config                       0x080016d7   Thumb Code    40  stm32g4xx_hal_cortex.o(i.HAL_SYSTICK_Config)
    HAL_TIMEx_Break2Callback                 0x080016ff   Thumb Code     2  stm32g4xx_hal_tim_ex.o(i.HAL_TIMEx_Break2Callback)
    HAL_TIMEx_BreakCallback                  0x08001701   Thumb Code     2  stm32g4xx_hal_tim_ex.o(i.HAL_TIMEx_BreakCallback)
    HAL_TIMEx_CommutCallback                 0x08001703   Thumb Code     2  stm32g4xx_hal_tim_ex.o(i.HAL_TIMEx_CommutCallback)
    HAL_TIMEx_ConfigBreakDeadTime            0x08001705   Thumb Code   154  stm32g4xx_hal_tim_ex.o(i.HAL_TIMEx_ConfigBreakDeadTime)
    HAL_TIMEx_DirectionChangeCallback        0x080017ad   Thumb Code     2  stm32g4xx_hal_tim_ex.o(i.HAL_TIMEx_DirectionChangeCallback)
    HAL_TIMEx_EncoderIndexCallback           0x080017af   Thumb Code     2  stm32g4xx_hal_tim_ex.o(i.HAL_TIMEx_EncoderIndexCallback)
    HAL_TIMEx_IndexErrorCallback             0x080017b1   Thumb Code     2  stm32g4xx_hal_tim_ex.o(i.HAL_TIMEx_IndexErrorCallback)
    HAL_TIMEx_MasterConfigSynchronization    0x080017b5   Thumb Code   150  stm32g4xx_hal_tim_ex.o(i.HAL_TIMEx_MasterConfigSynchronization)
    HAL_TIMEx_PWMN_Start                     0x0800186d   Thumb Code   170  stm32g4xx_hal_tim_ex.o(i.HAL_TIMEx_PWMN_Start)
    HAL_TIMEx_TransitionErrorCallback        0x08001939   Thumb Code     2  stm32g4xx_hal_tim_ex.o(i.HAL_TIMEx_TransitionErrorCallback)
    HAL_TIM_IC_CaptureCallback               0x0800193b   Thumb Code     2  stm32g4xx_hal_tim.o(i.HAL_TIM_IC_CaptureCallback)
    HAL_TIM_IRQHandler                       0x0800193d   Thumb Code   418  stm32g4xx_hal_tim.o(i.HAL_TIM_IRQHandler)
    HAL_TIM_MspPostInit                      0x08001ae1   Thumb Code   136  tim.o(i.HAL_TIM_MspPostInit)
    HAL_TIM_OC_DelayElapsedCallback          0x08001b75   Thumb Code     2  stm32g4xx_hal_tim.o(i.HAL_TIM_OC_DelayElapsedCallback)
    HAL_TIM_PWM_ConfigChannel                0x08001b77   Thumb Code   292  stm32g4xx_hal_tim.o(i.HAL_TIM_PWM_ConfigChannel)
    HAL_TIM_PWM_Init                         0x08001c9b   Thumb Code    98  stm32g4xx_hal_tim.o(i.HAL_TIM_PWM_Init)
    HAL_TIM_PWM_MspInit                      0x08001cfd   Thumb Code    50  tim.o(i.HAL_TIM_PWM_MspInit)
    HAL_TIM_PWM_PulseFinishedCallback        0x08001d39   Thumb Code    22  stm32g4xx_it.o(i.HAL_TIM_PWM_PulseFinishedCallback)
    HAL_TIM_PWM_Start                        0x08001d59   Thumb Code   234  stm32g4xx_hal_tim.o(i.HAL_TIM_PWM_Start)
    HAL_TIM_PeriodElapsedCallback            0x08001e6d   Thumb Code     2  stm32g4xx_hal_tim.o(i.HAL_TIM_PeriodElapsedCallback)
    HAL_TIM_TriggerCallback                  0x08001e6f   Thumb Code     2  stm32g4xx_hal_tim.o(i.HAL_TIM_TriggerCallback)
    HAL_UARTEx_DisableFifoMode               0x08001e71   Thumb Code    62  stm32g4xx_hal_uart_ex.o(i.HAL_UARTEx_DisableFifoMode)
    HAL_UARTEx_SetRxFifoThreshold            0x08001eaf   Thumb Code    76  stm32g4xx_hal_uart_ex.o(i.HAL_UARTEx_SetRxFifoThreshold)
    HAL_UARTEx_SetTxFifoThreshold            0x08001efb   Thumb Code    76  stm32g4xx_hal_uart_ex.o(i.HAL_UARTEx_SetTxFifoThreshold)
    HAL_UART_Init                            0x08001f47   Thumb Code   106  stm32g4xx_hal_uart.o(i.HAL_UART_Init)
    HAL_UART_MspInit                         0x08001fb1   Thumb Code   114  usart.o(i.HAL_UART_MspInit)
    HAL_UART_Transmit                        0x08002031   Thumb Code   182  stm32g4xx_hal_uart.o(i.HAL_UART_Transmit)
    HardFault_Handler                        0x080020e7   Thumb Code     2  stm32g4xx_it.o(i.HardFault_Handler)
    MT6701_ReadData                          0x080020e9   Thumb Code    64  hardware_driver.o(i.MT6701_ReadData)
    MX_GPIO_Init                             0x08002131   Thumb Code   164  gpio.o(i.MX_GPIO_Init)
    MX_SPI1_Init                             0x080021e1   Thumb Code    70  spi.o(i.MX_SPI1_Init)
    MX_TIM1_Init                             0x08002231   Thumb Code   224  tim.o(i.MX_TIM1_Init)
    MX_USART3_UART_Init                      0x08002319   Thumb Code    94  usart.o(i.MX_USART3_UART_Init)
    MemManage_Handler                        0x08002381   Thumb Code     2  stm32g4xx_it.o(i.MemManage_Handler)
    Motor_EnablePWM                          0x08002385   Thumb Code    54  hardware_driver.o(i.Motor_EnablePWM)
    Motor_Hardware_Init                      0x080023c1   Thumb Code    30  hardware_driver.o(i.Motor_Hardware_Init)
    Motor_SetPWM                             0x080023e5   Thumb Code    18  hardware_driver.o(i.Motor_SetPWM)
    Motor_StateMachine_Init                  0x080023fd   Thumb Code    64  statemachine.o(i.Motor_StateMachine_Init)
    Motor_StateMachine_Run                   0x08002451   Thumb Code    56  statemachine.o(i.Motor_StateMachine_Run)
    NMI_Handler                              0x08002489   Thumb Code     2  stm32g4xx_it.o(i.NMI_Handler)
    PendSV_Handler                           0x0800248b   Thumb Code     2  stm32g4xx_it.o(i.PendSV_Handler)
    Rev_Clark_Transf                         0x0800248d   Thumb Code    46  focalgorithm.o(i.Rev_Clark_Transf)
    Rev_Park_Transf                          0x080024c1   Thumb Code    86  focalgorithm.o(i.Rev_Park_Transf)
    SVC_Handler                              0x080026fd   Thumb Code     2  stm32g4xx_it.o(i.SVC_Handler)
    SVPWM_ZeroSqlInject                      0x08002701   Thumb Code   300  focalgorithm.o(i.SVPWM_ZeroSqlInject)
    Set_Udc_Tpwm_parameters                  0x08002835   Thumb Code     6  focalgorithm.o(i.Set_Udc_Tpwm_parameters)
    SysTick_Handler                          0x0800283b   Thumb Code     4  stm32g4xx_it.o(i.SysTick_Handler)
    SystemClock_Config                       0x0800283f   Thumb Code   100  main.o(i.SystemClock_Config)
    SystemInit                               0x080028a5   Thumb Code    12  system_stm32g4xx.o(i.SystemInit)
    TIM1_CC_IRQHandler                       0x080028b5   Thumb Code     6  stm32g4xx_it.o(i.TIM1_CC_IRQHandler)
    TIM_Base_SetConfig                       0x080028c1   Thumb Code   184  stm32g4xx_hal_tim.o(i.TIM_Base_SetConfig)
    TIM_CCxChannelCmd                        0x0800299d   Thumb Code    26  stm32g4xx_hal_tim.o(i.TIM_CCxChannelCmd)
    TIM_OC2_SetConfig                        0x08002a85   Thumb Code   140  stm32g4xx_hal_tim.o(i.TIM_OC2_SetConfig)
    UART_AdvFeatureConfig                    0x08002db5   Thumb Code   200  stm32g4xx_hal_uart.o(i.UART_AdvFeatureConfig)
    UART_CheckIdleState                      0x08002e7d   Thumb Code   172  stm32g4xx_hal_uart.o(i.UART_CheckIdleState)
    UART_SetConfig                           0x08002f7d   Thumb Code   614  stm32g4xx_hal_uart.o(i.UART_SetConfig)
    UART_WaitOnFlagUntilTimeout              0x08003215   Thumb Code   148  stm32g4xx_hal_uart.o(i.UART_WaitOnFlagUntilTimeout)
    UsageFault_Handler                       0x080032a9   Thumb Code     2  stm32g4xx_it.o(i.UsageFault_Handler)
    VF_SpeedControl_Param_Init               0x080032ab   Thumb Code     6  focalgorithm.o(i.VF_SpeedControl_Param_Init)
    VF_SpeedControl_Update                   0x080032b1   Thumb Code   214  focalgorithm.o(i.VF_SpeedControl_Update)
    Vofa_Data_Process                        0x08003399   Thumb Code    52  vofa.o(i.Vofa_Data_Process)
    Vofa_Send_Task                           0x080033d5   Thumb Code    84  vofa.o(i.Vofa_Send_Task)
    __ARM_fpclassifyf                        0x08003435   Thumb Code    38  fpclassifyf.o(i.__ARM_fpclassifyf)
    __hardfp_cosf                            0x0800347d   Thumb Code   280  cosf.o(i.__hardfp_cosf)
    __hardfp_fmod                            0x080035cd   Thumb Code   254  fmod.o(i.__hardfp_fmod)
    __hardfp_sinf                            0x080036d1   Thumb Code   344  sinf.o(i.__hardfp_sinf)
    __mathlib_dbl_invalid                    0x08003861   Thumb Code    24  dunder.o(i.__mathlib_dbl_invalid)
    __mathlib_flt_infnan                     0x08003881   Thumb Code     6  funder.o(i.__mathlib_flt_infnan)
    __mathlib_flt_invalid                    0x08003889   Thumb Code    10  funder.o(i.__mathlib_flt_invalid)
    __mathlib_flt_underflow                  0x08003899   Thumb Code    10  funder.o(i.__mathlib_flt_underflow)
    __mathlib_rredf2                         0x080038a9   Thumb Code   316  rredf.o(i.__mathlib_rredf2)
    main                                     0x080039fd   Thumb Code    38  main.o(i.main)
    __aeabi_d2f                              0x08003a29   Thumb Code     0  d2f.o(x$fpl$d2f)
    _d2f                                     0x08003a29   Thumb Code    98  d2f.o(x$fpl$d2f)
    __aeabi_dadd                             0x08003a8d   Thumb Code     0  daddsub_clz.o(x$fpl$dadd)
    _dadd                                    0x08003a8d   Thumb Code   332  daddsub_clz.o(x$fpl$dadd)
    __aeabi_ddiv                             0x08003bdd   Thumb Code     0  ddiv.o(x$fpl$ddiv)
    _ddiv                                    0x08003bdd   Thumb Code   552  ddiv.o(x$fpl$ddiv)
    __aeabi_d2iz                             0x08003e8d   Thumb Code     0  dfix.o(x$fpl$dfix)
    _dfix                                    0x08003e8d   Thumb Code    94  dfix.o(x$fpl$dfix)
    __aeabi_dmul                             0x08003eed   Thumb Code     0  dmul.o(x$fpl$dmul)
    _dmul                                    0x08003eed   Thumb Code   332  dmul.o(x$fpl$dmul)
    __fpl_dnaninf                            0x08004041   Thumb Code   156  dnaninf.o(x$fpl$dnaninf)
    _drem                                    0x080040dd   Thumb Code   328  drem_clz.o(x$fpl$drem)
    __fpl_dretinf                            0x0800422d   Thumb Code    12  dretinf.o(x$fpl$dretinf)
    __aeabi_drsub                            0x08004239   Thumb Code     0  daddsub_clz.o(x$fpl$drsb)
    _drsb                                    0x08004239   Thumb Code    22  daddsub_clz.o(x$fpl$drsb)
    __aeabi_dsub                             0x08004251   Thumb Code     0  daddsub_clz.o(x$fpl$dsub)
    _dsub                                    0x08004251   Thumb Code   464  daddsub_clz.o(x$fpl$dsub)
    __aeabi_f2d                              0x08004425   Thumb Code     0  f2d.o(x$fpl$f2d)
    _f2d                                     0x08004425   Thumb Code    86  f2d.o(x$fpl$f2d)
    __fpl_fnaninf                            0x0800447b   Thumb Code   140  fnaninf.o(x$fpl$fnaninf)
    _fp_init                                 0x08004507   Thumb Code    10  fpinit.o(x$fpl$fpinit)
    __fplib_config_fpu_vfp                   0x0800450f   Thumb Code     0  fpinit.o(x$fpl$fpinit)
    __fplib_config_pureend_doubles           0x0800450f   Thumb Code     0  fpinit.o(x$fpl$fpinit)
    __fpl_fretinf                            0x08004511   Thumb Code    10  fretinf.o(x$fpl$fretinf)
    UARTPrescTable                           0x0800451a   Data          24  stm32g4xx_hal_uart.o(.constdata)
    __I$use$fp                               0x0800451a   Number         0  usenofp.o(x$fpl$usenofp)
    AHBPrescTable                            0x08004542   Data          16  system_stm32g4xx.o(.constdata)
    APBPrescTable                            0x08004552   Data           8  system_stm32g4xx.o(.constdata)
    Region$$Table$$Base                      0x0800457c   Number         0  anon$$obj.o(Region$$Table)
    Region$$Table$$Limit                     0x0800459c   Number         0  anon$$obj.o(Region$$Table)
    uwTickPrio                               0x20000000   Data           4  stm32g4xx_hal.o(.data)
    uwTickFreq                               0x20000004   Data           4  stm32g4xx_hal.o(.data)
    uwTick                                   0x20000008   Data           4  stm32g4xx_hal.o(.data)
    SystemCoreClock                          0x2000000c   Data           4  system_stm32g4xx.o(.data)
    hspi1                                    0x20000010   Data         100  spi.o(.bss)
    htim1                                    0x20000074   Data          76  tim.o(.bss)
    huart3                                   0x200000c0   Data         148  usart.o(.bss)
    VofaSend                                 0x20000154   Data          76  vofa.o(.bss)
    MotorSystem                              0x200001a0   Data         124  statemachine.o(.bss)
    __libspace_start                         0x2000021c   Data          96  libspace.o(.bss)
    __temporary_stack_top$libspace           0x2000027c   Data           0  libspace.o(.bss)



==============================================================================

Memory Map of the image

  Image Entry point : 0x080001d9

  Load Region LR_IROM1 (Base: 0x08000000, Size: 0x000045ac, Max: 0x00080000, ABSOLUTE)

    Execution Region ER_IROM1 (Exec base: 0x08000000, Load base: 0x08000000, Size: 0x0000459c, Max: 0x00080000, ABSOLUTE)

    Exec Addr    Load Addr    Size         Type   Attr      Idx    E Section Name        Object

    0x08000000   0x08000000   0x000001d8   Data   RO            3    RESET               startup_stm32g474xx.o
    0x080001d8   0x080001d8   0x00000008   Code   RO         4280  * !!!main             c_w.l(__main.o)
    0x080001e0   0x080001e0   0x00000034   Code   RO         4556    !!!scatter          c_w.l(__scatter.o)
    0x08000214   0x08000214   0x0000001a   Code   RO         4558    !!handler_copy      c_w.l(__scatter_copy.o)
    0x0800022e   0x0800022e   0x00000002   PAD
    0x08000230   0x08000230   0x0000001c   Code   RO         4560    !!handler_zi        c_w.l(__scatter_zi.o)
    0x0800024c   0x0800024c   0x00000002   Code   RO         4427    .ARM.Collect$$libinit$$00000000  c_w.l(libinit.o)
    0x0800024e   0x0800024e   0x00000004   Code   RO         4436    .ARM.Collect$$libinit$$00000001  c_w.l(libinit2.o)
    0x08000252   0x08000252   0x00000000   Code   RO         4439    .ARM.Collect$$libinit$$00000004  c_w.l(libinit2.o)
    0x08000252   0x08000252   0x00000000   Code   RO         4442    .ARM.Collect$$libinit$$0000000A  c_w.l(libinit2.o)
    0x08000252   0x08000252   0x00000000   Code   RO         4444    .ARM.Collect$$libinit$$0000000C  c_w.l(libinit2.o)
    0x08000252   0x08000252   0x00000000   Code   RO         4446    .ARM.Collect$$libinit$$0000000E  c_w.l(libinit2.o)
    0x08000252   0x08000252   0x00000000   Code   RO         4449    .ARM.Collect$$libinit$$00000011  c_w.l(libinit2.o)
    0x08000252   0x08000252   0x00000000   Code   RO         4451    .ARM.Collect$$libinit$$00000013  c_w.l(libinit2.o)
    0x08000252   0x08000252   0x00000000   Code   RO         4453    .ARM.Collect$$libinit$$00000015  c_w.l(libinit2.o)
    0x08000252   0x08000252   0x00000000   Code   RO         4455    .ARM.Collect$$libinit$$00000017  c_w.l(libinit2.o)
    0x08000252   0x08000252   0x00000000   Code   RO         4457    .ARM.Collect$$libinit$$00000019  c_w.l(libinit2.o)
    0x08000252   0x08000252   0x00000000   Code   RO         4459    .ARM.Collect$$libinit$$0000001B  c_w.l(libinit2.o)
    0x08000252   0x08000252   0x00000000   Code   RO         4461    .ARM.Collect$$libinit$$0000001D  c_w.l(libinit2.o)
    0x08000252   0x08000252   0x00000000   Code   RO         4463    .ARM.Collect$$libinit$$0000001F  c_w.l(libinit2.o)
    0x08000252   0x08000252   0x00000000   Code   RO         4465    .ARM.Collect$$libinit$$00000021  c_w.l(libinit2.o)
    0x08000252   0x08000252   0x00000000   Code   RO         4467    .ARM.Collect$$libinit$$00000023  c_w.l(libinit2.o)
    0x08000252   0x08000252   0x00000000   Code   RO         4469    .ARM.Collect$$libinit$$00000025  c_w.l(libinit2.o)
    0x08000252   0x08000252   0x00000000   Code   RO         4473    .ARM.Collect$$libinit$$0000002C  c_w.l(libinit2.o)
    0x08000252   0x08000252   0x00000000   Code   RO         4475    .ARM.Collect$$libinit$$0000002E  c_w.l(libinit2.o)
    0x08000252   0x08000252   0x00000000   Code   RO         4477    .ARM.Collect$$libinit$$00000030  c_w.l(libinit2.o)
    0x08000252   0x08000252   0x00000000   Code   RO         4479    .ARM.Collect$$libinit$$00000032  c_w.l(libinit2.o)
    0x08000252   0x08000252   0x00000002   Code   RO         4480    .ARM.Collect$$libinit$$00000033  c_w.l(libinit2.o)
    0x08000254   0x08000254   0x00000002   Code   RO         4511    .ARM.Collect$$libshutdown$$00000000  c_w.l(libshutdown.o)
    0x08000256   0x08000256   0x00000000   Code   RO         4537    .ARM.Collect$$libshutdown$$00000002  c_w.l(libshutdown2.o)
    0x08000256   0x08000256   0x00000000   Code   RO         4539    .ARM.Collect$$libshutdown$$00000004  c_w.l(libshutdown2.o)
    0x08000256   0x08000256   0x00000000   Code   RO         4541    .ARM.Collect$$libshutdown$$00000006  c_w.l(libshutdown2.o)
    0x08000256   0x08000256   0x00000000   Code   RO         4544    .ARM.Collect$$libshutdown$$00000009  c_w.l(libshutdown2.o)
    0x08000256   0x08000256   0x00000000   Code   RO         4547    .ARM.Collect$$libshutdown$$0000000C  c_w.l(libshutdown2.o)
    0x08000256   0x08000256   0x00000000   Code   RO         4549    .ARM.Collect$$libshutdown$$0000000E  c_w.l(libshutdown2.o)
    0x08000256   0x08000256   0x00000000   Code   RO         4552    .ARM.Collect$$libshutdown$$00000011  c_w.l(libshutdown2.o)
    0x08000256   0x08000256   0x00000002   Code   RO         4553    .ARM.Collect$$libshutdown$$00000012  c_w.l(libshutdown2.o)
    0x08000258   0x08000258   0x00000000   Code   RO         4334    .ARM.Collect$$rtentry$$00000000  c_w.l(__rtentry.o)
    0x08000258   0x08000258   0x00000000   Code   RO         4386    .ARM.Collect$$rtentry$$00000002  c_w.l(__rtentry2.o)
    0x08000258   0x08000258   0x00000006   Code   RO         4398    .ARM.Collect$$rtentry$$00000004  c_w.l(__rtentry4.o)
    0x0800025e   0x0800025e   0x00000000   Code   RO         4388    .ARM.Collect$$rtentry$$00000009  c_w.l(__rtentry2.o)
    0x0800025e   0x0800025e   0x00000004   Code   RO         4389    .ARM.Collect$$rtentry$$0000000A  c_w.l(__rtentry2.o)
    0x08000262   0x08000262   0x00000000   Code   RO         4391    .ARM.Collect$$rtentry$$0000000C  c_w.l(__rtentry2.o)
    0x08000262   0x08000262   0x00000008   Code   RO         4392    .ARM.Collect$$rtentry$$0000000D  c_w.l(__rtentry2.o)
    0x0800026a   0x0800026a   0x00000002   Code   RO         4428    .ARM.Collect$$rtexit$$00000000  c_w.l(rtexit.o)
    0x0800026c   0x0800026c   0x00000000   Code   RO         4484    .ARM.Collect$$rtexit$$00000002  c_w.l(rtexit2.o)
    0x0800026c   0x0800026c   0x00000004   Code   RO         4485    .ARM.Collect$$rtexit$$00000003  c_w.l(rtexit2.o)
    0x08000270   0x08000270   0x00000006   Code   RO         4486    .ARM.Collect$$rtexit$$00000004  c_w.l(rtexit2.o)
    0x08000276   0x08000276   0x00000002   PAD
    0x08000278   0x08000278   0x00000040   Code   RO            4    .text               startup_stm32g474xx.o
    0x080002b8   0x080002b8   0x000000ee   Code   RO         4272    .text               c_w.l(lludivv7m.o)
    0x080003a6   0x080003a6   0x00000064   Code   RO         4274    .text               c_w.l(rt_memcpy_w.o)
    0x0800040a   0x0800040a   0x0000004e   Code   RO         4276    .text               c_w.l(rt_memclr_w.o)
    0x08000458   0x08000458   0x00000006   Code   RO         4278    .text               c_w.l(heapauxi.o)
    0x0800045e   0x0800045e   0x00000016   Code   RO         4339    .text               c_w.l(_rserrno.o)
    0x08000474   0x08000474   0x00000008   Code   RO         4405    .text               c_w.l(rt_errno_addr_intlibspace.o)
    0x0800047c   0x0800047c   0x00000008   Code   RO         4411    .text               c_w.l(libspace.o)
    0x08000484   0x08000484   0x0000004a   Code   RO         4414    .text               c_w.l(sys_stackheap_outer.o)
    0x080004ce   0x080004ce   0x00000012   Code   RO         4416    .text               c_w.l(exit.o)
    0x080004e0   0x080004e0   0x0000000c   Code   RO         4481    .text               c_w.l(sys_exit.o)
    0x080004ec   0x080004ec   0x00000002   Code   RO         4500    .text               c_w.l(use_no_semi.o)
    0x080004ee   0x080004ee   0x00000000   Code   RO         4502    .text               c_w.l(indicate_semi.o)
    0x080004ee   0x080004ee   0x00000002   Code   RO          355    i.BusFault_Handler  stm32g4xx_it.o
    0x080004f0   0x080004f0   0x00000002   Code   RO          356    i.DebugMon_Handler  stm32g4xx_it.o
    0x080004f2   0x080004f2   0x00000006   Code   RO         4252    i.Encode_Param_Init  encoder.o
    0x080004f8   0x080004f8   0x00000030   Code   RO         4253    i.Encoder_Update    encoder.o
    0x08000528   0x08000528   0x00000004   Code   RO           13    i.Error_Handler     main.o
    0x0800052c   0x0800052c   0x00000018   Code   RO         4114    i.Foc_VoltageUpdate  focalgorithm.o
    0x08000544   0x08000544   0x00000234   Code   RO         1549    i.HAL_GPIO_Init     stm32g4xx_hal_gpio.o
    0x08000778   0x08000778   0x0000000a   Code   RO         1553    i.HAL_GPIO_WritePin  stm32g4xx_hal_gpio.o
    0x08000782   0x08000782   0x00000002   PAD
    0x08000784   0x08000784   0x0000000c   Code   RO          828    i.HAL_GetTick       stm32g4xx_hal.o
    0x08000790   0x08000790   0x00000010   Code   RO          834    i.HAL_IncTick       stm32g4xx_hal.o
    0x080007a0   0x080007a0   0x0000001e   Code   RO          835    i.HAL_Init          stm32g4xx_hal.o
    0x080007be   0x080007be   0x00000002   PAD
    0x080007c0   0x080007c0   0x00000044   Code   RO          836    i.HAL_InitTick      stm32g4xx_hal.o
    0x08000804   0x08000804   0x00000030   Code   RO          442    i.HAL_MspInit       stm32g4xx_hal_msp.o
    0x08000834   0x08000834   0x0000001a   Code   RO         2198    i.HAL_NVIC_EnableIRQ  stm32g4xx_hal_cortex.o
    0x0800084e   0x0800084e   0x00000002   PAD
    0x08000850   0x08000850   0x00000040   Code   RO         2204    i.HAL_NVIC_SetPriority  stm32g4xx_hal_cortex.o
    0x08000890   0x08000890   0x00000024   Code   RO         2205    i.HAL_NVIC_SetPriorityGrouping  stm32g4xx_hal_cortex.o
    0x080008b4   0x080008b4   0x000000bc   Code   RO         1952    i.HAL_PWREx_ControlVoltageScaling  stm32g4xx_hal_pwr_ex.o
    0x08000970   0x08000970   0x00000010   Code   RO         1964    i.HAL_PWREx_DisableUCPDDeadBattery  stm32g4xx_hal_pwr_ex.o
    0x08000980   0x08000980   0x00000300   Code   RO         1195    i.HAL_RCCEx_PeriphCLKConfig  stm32g4xx_hal_rcc_ex.o
    0x08000c80   0x08000c80   0x000001dc   Code   RO         1070    i.HAL_RCC_ClockConfig  stm32g4xx_hal_rcc.o
    0x08000e5c   0x08000e5c   0x00000024   Code   RO         1078    i.HAL_RCC_GetPCLK1Freq  stm32g4xx_hal_rcc.o
    0x08000e80   0x08000e80   0x00000024   Code   RO         1079    i.HAL_RCC_GetPCLK2Freq  stm32g4xx_hal_rcc.o
    0x08000ea4   0x08000ea4   0x0000006c   Code   RO         1080    i.HAL_RCC_GetSysClockFreq  stm32g4xx_hal_rcc.o
    0x08000f10   0x08000f10   0x00000404   Code   RO         1083    i.HAL_RCC_OscConfig  stm32g4xx_hal_rcc.o
    0x08001314   0x08001314   0x000000ea   Code   RO          477    i.HAL_SPI_Init      stm32g4xx_hal_spi.o
    0x080013fe   0x080013fe   0x00000002   PAD
    0x08001400   0x08001400   0x00000064   Code   RO          224    i.HAL_SPI_MspInit   spi.o
    0x08001464   0x08001464   0x00000272   Code   RO          486    i.HAL_SPI_TransmitReceive  stm32g4xx_hal_spi.o
    0x080016d6   0x080016d6   0x00000028   Code   RO         2209    i.HAL_SYSTICK_Config  stm32g4xx_hal_cortex.o
    0x080016fe   0x080016fe   0x00000002   Code   RO         3054    i.HAL_TIMEx_Break2Callback  stm32g4xx_hal_tim_ex.o
    0x08001700   0x08001700   0x00000002   Code   RO         3055    i.HAL_TIMEx_BreakCallback  stm32g4xx_hal_tim_ex.o
    0x08001702   0x08001702   0x00000002   Code   RO         3056    i.HAL_TIMEx_CommutCallback  stm32g4xx_hal_tim_ex.o
    0x08001704   0x08001704   0x000000a8   Code   RO         3059    i.HAL_TIMEx_ConfigBreakDeadTime  stm32g4xx_hal_tim_ex.o
    0x080017ac   0x080017ac   0x00000002   Code   RO         3067    i.HAL_TIMEx_DirectionChangeCallback  stm32g4xx_hal_tim_ex.o
    0x080017ae   0x080017ae   0x00000002   Code   RO         3081    i.HAL_TIMEx_EncoderIndexCallback  stm32g4xx_hal_tim_ex.o
    0x080017b0   0x080017b0   0x00000002   Code   RO         3095    i.HAL_TIMEx_IndexErrorCallback  stm32g4xx_hal_tim_ex.o
    0x080017b2   0x080017b2   0x00000002   PAD
    0x080017b4   0x080017b4   0x000000b8   Code   RO         3096    i.HAL_TIMEx_MasterConfigSynchronization  stm32g4xx_hal_tim_ex.o
    0x0800186c   0x0800186c   0x000000cc   Code   RO         3108    i.HAL_TIMEx_PWMN_Start  stm32g4xx_hal_tim_ex.o
    0x08001938   0x08001938   0x00000002   Code   RO         3117    i.HAL_TIMEx_TransitionErrorCallback  stm32g4xx_hal_tim_ex.o
    0x0800193a   0x0800193a   0x00000002   Code   RO         2374    i.HAL_TIM_IC_CaptureCallback  stm32g4xx_hal_tim.o
    0x0800193c   0x0800193c   0x000001a2   Code   RO         2388    i.HAL_TIM_IRQHandler  stm32g4xx_hal_tim.o
    0x08001ade   0x08001ade   0x00000002   PAD
    0x08001ae0   0x08001ae0   0x00000094   Code   RO          265    i.HAL_TIM_MspPostInit  tim.o
    0x08001b74   0x08001b74   0x00000002   Code   RO         2391    i.HAL_TIM_OC_DelayElapsedCallback  stm32g4xx_hal_tim.o
    0x08001b76   0x08001b76   0x00000124   Code   RO         2412    i.HAL_TIM_PWM_ConfigChannel  stm32g4xx_hal_tim.o
    0x08001c9a   0x08001c9a   0x00000062   Code   RO         2415    i.HAL_TIM_PWM_Init  stm32g4xx_hal_tim.o
    0x08001cfc   0x08001cfc   0x0000003c   Code   RO          267    i.HAL_TIM_PWM_MspInit  tim.o
    0x08001d38   0x08001d38   0x00000020   Code   RO          357    i.HAL_TIM_PWM_PulseFinishedCallback  stm32g4xx_it.o
    0x08001d58   0x08001d58   0x00000114   Code   RO         2420    i.HAL_TIM_PWM_Start  stm32g4xx_hal_tim.o
    0x08001e6c   0x08001e6c   0x00000002   Code   RO         2426    i.HAL_TIM_PeriodElapsedCallback  stm32g4xx_hal_tim.o
    0x08001e6e   0x08001e6e   0x00000002   Code   RO         2431    i.HAL_TIM_TriggerCallback  stm32g4xx_hal_tim.o
    0x08001e70   0x08001e70   0x0000003e   Code   RO         3903    i.HAL_UARTEx_DisableFifoMode  stm32g4xx_hal_uart_ex.o
    0x08001eae   0x08001eae   0x0000004c   Code   RO         3912    i.HAL_UARTEx_SetRxFifoThreshold  stm32g4xx_hal_uart_ex.o
    0x08001efa   0x08001efa   0x0000004c   Code   RO         3913    i.HAL_UARTEx_SetTxFifoThreshold  stm32g4xx_hal_uart_ex.o
    0x08001f46   0x08001f46   0x0000006a   Code   RO         3512    i.HAL_UART_Init     stm32g4xx_hal_uart.o
    0x08001fb0   0x08001fb0   0x00000080   Code   RO          314    i.HAL_UART_MspInit  usart.o
    0x08002030   0x08002030   0x000000b6   Code   RO         3521    i.HAL_UART_Transmit  stm32g4xx_hal_uart.o
    0x080020e6   0x080020e6   0x00000002   Code   RO          358    i.HardFault_Handler  stm32g4xx_it.o
    0x080020e8   0x080020e8   0x00000048   Code   RO         4168    i.MT6701_ReadData   hardware_driver.o
    0x08002130   0x08002130   0x000000b0   Code   RO          199    i.MX_GPIO_Init      gpio.o
    0x080021e0   0x080021e0   0x00000050   Code   RO          225    i.MX_SPI1_Init      spi.o
    0x08002230   0x08002230   0x000000e8   Code   RO          268    i.MX_TIM1_Init      tim.o
    0x08002318   0x08002318   0x00000068   Code   RO          315    i.MX_USART3_UART_Init  usart.o
    0x08002380   0x08002380   0x00000002   Code   RO          359    i.MemManage_Handler  stm32g4xx_it.o
    0x08002382   0x08002382   0x00000002   PAD
    0x08002384   0x08002384   0x0000003c   Code   RO         4170    i.Motor_EnablePWM   hardware_driver.o
    0x080023c0   0x080023c0   0x00000024   Code   RO         4171    i.Motor_Hardware_Init  hardware_driver.o
    0x080023e4   0x080023e4   0x00000018   Code   RO         4172    i.Motor_SetPWM      hardware_driver.o
    0x080023fc   0x080023fc   0x00000054   Code   RO         4219    i.Motor_StateMachine_Init  statemachine.o
    0x08002450   0x08002450   0x00000038   Code   RO         4220    i.Motor_StateMachine_Run  statemachine.o
    0x08002488   0x08002488   0x00000002   Code   RO          360    i.NMI_Handler       stm32g4xx_it.o
    0x0800248a   0x0800248a   0x00000002   Code   RO          361    i.PendSV_Handler    stm32g4xx_it.o
    0x0800248c   0x0800248c   0x00000034   Code   RO         4115    i.Rev_Clark_Transf  focalgorithm.o
    0x080024c0   0x080024c0   0x00000056   Code   RO         4116    i.Rev_Park_Transf   focalgorithm.o
    0x08002516   0x08002516   0x00000048   Code   RO          515    i.SPI_EndRxTxTransaction  stm32g4xx_hal_spi.o
    0x0800255e   0x0800255e   0x00000002   PAD
    0x08002560   0x08002560   0x000000e0   Code   RO          520    i.SPI_WaitFifoStateUntilTimeout  stm32g4xx_hal_spi.o
    0x08002640   0x08002640   0x000000bc   Code   RO          521    i.SPI_WaitFlagStateUntilTimeout  stm32g4xx_hal_spi.o
    0x080026fc   0x080026fc   0x00000002   Code   RO          362    i.SVC_Handler       stm32g4xx_it.o
    0x080026fe   0x080026fe   0x00000002   PAD
    0x08002700   0x08002700   0x00000134   Code   RO         4117    i.SVPWM_ZeroSqlInject  focalgorithm.o
    0x08002834   0x08002834   0x00000006   Code   RO         4118    i.Set_Udc_Tpwm_parameters  focalgorithm.o
    0x0800283a   0x0800283a   0x00000004   Code   RO          363    i.SysTick_Handler   stm32g4xx_it.o
    0x0800283e   0x0800283e   0x00000064   Code   RO           14    i.SystemClock_Config  main.o
    0x080028a2   0x080028a2   0x00000002   PAD
    0x080028a4   0x080028a4   0x00000010   Code   RO         4022    i.SystemInit        system_stm32g4xx.o
    0x080028b4   0x080028b4   0x0000000c   Code   RO          364    i.TIM1_CC_IRQHandler  stm32g4xx_it.o
    0x080028c0   0x080028c0   0x000000dc   Code   RO         2433    i.TIM_Base_SetConfig  stm32g4xx_hal_tim.o
    0x0800299c   0x0800299c   0x0000001a   Code   RO         2434    i.TIM_CCxChannelCmd  stm32g4xx_hal_tim.o
    0x080029b6   0x080029b6   0x0000001a   Code   RO         3120    i.TIM_CCxNChannelCmd  stm32g4xx_hal_tim_ex.o
    0x080029d0   0x080029d0   0x000000b4   Code   RO         2446    i.TIM_OC1_SetConfig  stm32g4xx_hal_tim.o
    0x08002a84   0x08002a84   0x000000a8   Code   RO         2447    i.TIM_OC2_SetConfig  stm32g4xx_hal_tim.o
    0x08002b2c   0x08002b2c   0x000000a8   Code   RO         2448    i.TIM_OC3_SetConfig  stm32g4xx_hal_tim.o
    0x08002bd4   0x08002bd4   0x000000a8   Code   RO         2449    i.TIM_OC4_SetConfig  stm32g4xx_hal_tim.o
    0x08002c7c   0x08002c7c   0x00000078   Code   RO         2450    i.TIM_OC5_SetConfig  stm32g4xx_hal_tim.o
    0x08002cf4   0x08002cf4   0x0000007c   Code   RO         2451    i.TIM_OC6_SetConfig  stm32g4xx_hal_tim.o
    0x08002d70   0x08002d70   0x00000044   Code   RO         3917    i.UARTEx_SetNbDataToProcess  stm32g4xx_hal_uart_ex.o
    0x08002db4   0x08002db4   0x000000c8   Code   RO         3526    i.UART_AdvFeatureConfig  stm32g4xx_hal_uart.o
    0x08002e7c   0x08002e7c   0x000000ac   Code   RO         3527    i.UART_CheckIdleState  stm32g4xx_hal_uart.o
    0x08002f28   0x08002f28   0x00000054   Code   RO         3538    i.UART_EndRxTransfer  stm32g4xx_hal_uart.o
    0x08002f7c   0x08002f7c   0x00000298   Code   RO         3544    i.UART_SetConfig    stm32g4xx_hal_uart.o
    0x08003214   0x08003214   0x00000094   Code   RO         3551    i.UART_WaitOnFlagUntilTimeout  stm32g4xx_hal_uart.o
    0x080032a8   0x080032a8   0x00000002   Code   RO          365    i.UsageFault_Handler  stm32g4xx_it.o
    0x080032aa   0x080032aa   0x00000006   Code   RO         4119    i.VF_SpeedControl_Param_Init  focalgorithm.o
    0x080032b0   0x080032b0   0x000000e8   Code   RO         4120    i.VF_SpeedControl_Update  focalgorithm.o
    0x08003398   0x08003398   0x0000003c   Code   RO         4059    i.Vofa_Data_Process  vofa.o
    0x080033d4   0x080033d4   0x00000060   Code   RO         4060    i.Vofa_Send_Task    vofa.o
    0x08003434   0x08003434   0x00000026   Code   RO         4366    i.__ARM_fpclassifyf  m_wm.l(fpclassifyf.o)
    0x0800345a   0x0800345a   0x00000020   Code   RO         2211    i.__NVIC_SetPriority  stm32g4xx_hal_cortex.o
    0x0800347a   0x0800347a   0x00000002   PAD
    0x0800347c   0x0800347c   0x00000150   Code   RO         4298    i.__hardfp_cosf     m_wm.l(cosf.o)
    0x080035cc   0x080035cc   0x00000104   Code   RO         4310    i.__hardfp_fmod     m_wm.l(fmod.o)
    0x080036d0   0x080036d0   0x00000190   Code   RO         4322    i.__hardfp_sinf     m_wm.l(sinf.o)
    0x08003860   0x08003860   0x00000020   Code   RO         4355    i.__mathlib_dbl_invalid  m_wm.l(dunder.o)
    0x08003880   0x08003880   0x00000006   Code   RO         4369    i.__mathlib_flt_infnan  m_wm.l(funder.o)
    0x08003886   0x08003886   0x00000002   PAD
    0x08003888   0x08003888   0x00000010   Code   RO         4371    i.__mathlib_flt_invalid  m_wm.l(funder.o)
    0x08003898   0x08003898   0x00000010   Code   RO         4374    i.__mathlib_flt_underflow  m_wm.l(funder.o)
    0x080038a8   0x080038a8   0x00000154   Code   RO         4382    i.__mathlib_rredf2  m_wm.l(rredf.o)
    0x080039fc   0x080039fc   0x0000002c   Code   RO           15    i.main              main.o
    0x08003a28   0x08003a28   0x00000062   Code   RO         4282    x$fpl$d2f           fz_wm.l(d2f.o)
    0x08003a8a   0x08003a8a   0x00000002   PAD
    0x08003a8c   0x08003a8c   0x00000150   Code   RO         4284    x$fpl$dadd          fz_wm.l(daddsub_clz.o)
    0x08003bdc   0x08003bdc   0x000002b0   Code   RO         4408    x$fpl$ddiv          fz_wm.l(ddiv.o)
    0x08003e8c   0x08003e8c   0x0000005e   Code   RO         4290    x$fpl$dfix          fz_wm.l(dfix.o)
    0x08003eea   0x08003eea   0x00000002   PAD
    0x08003eec   0x08003eec   0x00000154   Code   RO         4294    x$fpl$dmul          fz_wm.l(dmul.o)
    0x08004040   0x08004040   0x0000009c   Code   RO         4341    x$fpl$dnaninf       fz_wm.l(dnaninf.o)
    0x080040dc   0x080040dc   0x00000150   Code   RO         4343    x$fpl$drem          fz_wm.l(drem_clz.o)
    0x0800422c   0x0800422c   0x0000000c   Code   RO         4345    x$fpl$dretinf       fz_wm.l(dretinf.o)
    0x08004238   0x08004238   0x00000016   Code   RO         4285    x$fpl$drsb          fz_wm.l(daddsub_clz.o)
    0x0800424e   0x0800424e   0x00000002   PAD
    0x08004250   0x08004250   0x000001d4   Code   RO         4286    x$fpl$dsub          fz_wm.l(daddsub_clz.o)
    0x08004424   0x08004424   0x00000056   Code   RO         4296    x$fpl$f2d           fz_wm.l(f2d.o)
    0x0800447a   0x0800447a   0x0000008c   Code   RO         4347    x$fpl$fnaninf       fz_wm.l(fnaninf.o)
    0x08004506   0x08004506   0x0000000a   Code   RO         4496    x$fpl$fpinit        fz_wm.l(fpinit.o)
    0x08004510   0x08004510   0x0000000a   Code   RO         4349    x$fpl$fretinf       fz_wm.l(fretinf.o)
    0x0800451a   0x0800451a   0x00000000   Code   RO         4351    x$fpl$usenofp       fz_wm.l(usenofp.o)
    0x0800451a   0x0800451a   0x00000018   Data   RO         3552    .constdata          stm32g4xx_hal_uart.o
    0x08004532   0x08004532   0x00000010   Data   RO         3918    .constdata          stm32g4xx_hal_uart_ex.o
    0x08004542   0x08004542   0x00000010   Data   RO         4023    .constdata          system_stm32g4xx.o
    0x08004552   0x08004552   0x00000008   Data   RO         4024    .constdata          system_stm32g4xx.o
    0x0800455a   0x0800455a   0x00000002   PAD
    0x0800455c   0x0800455c   0x00000020   Data   RO         4383    .constdata          m_wm.l(rredf.o)
    0x0800457c   0x0800457c   0x00000020   Data   RO         4554    Region$$Table       anon$$obj.o


    Execution Region RW_IRAM1 (Exec base: 0x20000000, Load base: 0x0800459c, Size: 0x00000880, Max: 0x00020000, ABSOLUTE)

    Exec Addr    Load Addr    Size         Type   Attr      Idx    E Section Name        Object

    0x20000000   0x0800459c   0x0000000c   Data   RW          855    .data               stm32g4xx_hal.o
    0x2000000c   0x080045a8   0x00000004   Data   RW         4025    .data               system_stm32g4xx.o
    0x20000010        -       0x00000064   Zero   RW          226    .bss                spi.o
    0x20000074        -       0x0000004c   Zero   RW          269    .bss                tim.o
    0x200000c0        -       0x00000094   Zero   RW          316    .bss                usart.o
    0x20000154        -       0x0000004c   Zero   RW         4061    .bss                vofa.o
    0x200001a0        -       0x0000007c   Zero   RW         4221    .bss                statemachine.o
    0x2000021c        -       0x00000060   Zero   RW         4412    .bss                c_w.l(libspace.o)
    0x2000027c   0x080045ac   0x00000004   PAD
    0x20000280        -       0x00000200   Zero   RW            2    HEAP                startup_stm32g474xx.o
    0x20000480        -       0x00000400   Zero   RW            1    STACK               startup_stm32g474xx.o


==============================================================================

Image component sizes


      Code (inc. data)   RO Data    RW Data    ZI Data      Debug   Object Name

        54          4          0          0          0       1365   encoder.o
       714         32          0          0          0       5727   focalgorithm.o
       176         12          0          0          0       1015   gpio.o
       192         26          0          0          0       2257   hardware_driver.o
       148          6          0          0          0     885949   main.o
       180         24          0          0        100       1717   spi.o
        64         26        472          0       1536        848   startup_stm32g474xx.o
       140         20          0          0        124       2093   statemachine.o
       126         20          0         12          0       3717   stm32g4xx_hal.o
       198         14          0          0          0      33871   stm32g4xx_hal_cortex.o
       574         32          0          0          0       2324   stm32g4xx_hal_gpio.o
        48          6          0          0          0        878   stm32g4xx_hal_msp.o
       204         18          0          0          0       1417   stm32g4xx_hal_pwr_ex.o
      1684         88          0          0          0       6332   stm32g4xx_hal_rcc.o
       768         10          0          0          0       1992   stm32g4xx_hal_rcc_ex.o
      1344         10          0          0          0       6321   stm32g4xx_hal_spi.o
      2266        250          0          0          0      13376   stm32g4xx_hal_tim.o
       596         82          0          0          0       7883   stm32g4xx_hal_tim_ex.o
      1556         76         24          0          0      26298   stm32g4xx_hal_uart.o
       282          6         16          0          0       3701   stm32g4xx_hal_uart_ex.o
        64         16          0          0          0       5599   stm32g4xx_it.o
        16          4         24          4          0       1147   system_stm32g4xx.o
       440         30          0          0         76       2543   tim.o
       232         24          0          0        148       1822   usart.o
       156         20          0          0         76       2920   vofa.o

    ----------------------------------------------------------------------
     12244        856        570         16       2060    1023112   Object Totals
         0          0         32          0          0          0   (incl. Generated)
        22          0          2          0          0          0   (incl. Padding)

    ----------------------------------------------------------------------

      Code (inc. data)   RO Data    RW Data    ZI Data      Debug   Library Member Name

         8          0          0          0          0         68   __main.o
         0          0          0          0          0          0   __rtentry.o
        12          0          0          0          0          0   __rtentry2.o
         6          0          0          0          0          0   __rtentry4.o
        52          8          0          0          0          0   __scatter.o
        26          0          0          0          0          0   __scatter_copy.o
        28          0          0          0          0          0   __scatter_zi.o
        22          0          0          0          0        100   _rserrno.o
        18          0          0          0          0         80   exit.o
         6          0          0          0          0        152   heapauxi.o
         0          0          0          0          0          0   indicate_semi.o
         2          0          0          0          0          0   libinit.o
         6          0          0          0          0          0   libinit2.o
         2          0          0          0          0          0   libshutdown.o
         2          0          0          0          0          0   libshutdown2.o
         8          4          0          0         96         68   libspace.o
       238          0          0          0          0        100   lludivv7m.o
         8          4          0          0          0         68   rt_errno_addr_intlibspace.o
        78          0          0          0          0         80   rt_memclr_w.o
       100          0          0          0          0         80   rt_memcpy_w.o
         2          0          0          0          0          0   rtexit.o
        10          0          0          0          0          0   rtexit2.o
        12          4          0          0          0         68   sys_exit.o
        74          0          0          0          0         80   sys_stackheap_outer.o
         2          0          0          0          0         68   use_no_semi.o
        98          4          0          0          0        140   d2f.o
       826         16          0          0          0        492   daddsub_clz.o
       688        140          0          0          0        256   ddiv.o
        94          4          0          0          0        140   dfix.o
       340         12          0          0          0        152   dmul.o
       156          4          0          0          0        140   dnaninf.o
       336         12          0          0          0        136   drem_clz.o
        12          0          0          0          0        116   dretinf.o
        86          4          0          0          0        132   f2d.o
       140          4          0          0          0        132   fnaninf.o
        10          0          0          0          0        116   fpinit.o
        10          0          0          0          0        116   fretinf.o
         0          0          0          0          0          0   usenofp.o
       336         56          0          0          0        136   cosf.o
        32          8          0          0          0        124   dunder.o
       260          6          0          0          0        144   fmod.o
        38          0          0          0          0        116   fpclassifyf.o
        38         12          0          0          0        348   funder.o
       340         24         32          0          0        160   rredf.o
       400         56          0          0          0        212   sinf.o

    ----------------------------------------------------------------------
      4974        382         32          0        100       4320   Library Totals
        12          0          0          0          4          0   (incl. Padding)

    ----------------------------------------------------------------------

      Code (inc. data)   RO Data    RW Data    ZI Data      Debug   Library Name

       722         20          0          0         96       1012   c_w.l
      2796        200          0          0          0       2068   fz_wm.l
      1444        162         32          0          0       1240   m_wm.l

    ----------------------------------------------------------------------
      4974        382         32          0        100       4320   Library Totals

    ----------------------------------------------------------------------

==============================================================================


      Code (inc. data)   RO Data    RW Data    ZI Data      Debug   

     17218       1238        602         16       2160    1015416   Grand Totals
     17218       1238        602         16       2160    1015416   ELF Image Totals
     17218       1238        602         16          0          0   ROM Totals

==============================================================================

    Total RO  Size (Code + RO Data)                17820 (  17.40kB)
    Total RW  Size (RW Data + ZI Data)              2176 (   2.13kB)
    Total ROM Size (Code + RO Data + RW Data)      17836 (  17.42kB)

==============================================================================

